
> prism-client@0.1.0 typecheck
> tsc --noEmit

src/components/AudioPlayerRecorderComponent.tsx(179,46): error TS2304: Cannot find name 'audioDuration'.
src/components/AudioPlayerRecorderComponent.tsx(248,18): error TS2304: Cannot find name 'vramValue'.
src/components/AudioPlayerRecorderComponent.tsx(248,30): error TS2304: Cannot find name 'vramValue'.
src/components/AudioPlayerRecorderComponent.tsx(545,13): error TS2322: Type '{ min: number; max: number; step: number; value: number; onChange: (value: number) => void; compact: true; }' is not assignable to type 'IntrinsicAttributes & SliderComponentProps<number>'.
  Property 'compact' does not exist on type 'IntrinsicAttributes & SliderComponentProps<number>'.
src/components/BenchmarkDetailPageComponent.tsx(1683,23): error TS2304: Cannot find name 'model'.
src/components/BenchmarkDetailPageComponent.tsx(1685,23): error TS2304: Cannot find name 'model'.
src/components/BenchmarksTableComponent.tsx(190,7): error TS2322: Type '(row: any) => { "--progress": string; } | undefined' is not assignable to type '(row: TransformedTableRow, index: number) => CSSProperties'.
  Type '{ "--progress": string; } | undefined' is not assignable to type 'CSSProperties'.
    Type 'undefined' is not assignable to type 'Properties<string | number, string & {}>'.
src/components/ConversationsTableComponent.tsx(99,7): error TS2322: Type '"desc" | "asc" | null | undefined' is not assignable to type 'string | undefined'.
  Type 'null' is not assignable to type 'string | undefined'.
src/components/HistoryListComponent.tsx(382,40): error TS2322: Type 'number' is not assignable to type 'string'.
src/components/MemoriesPanelComponent.tsx(369,37): error TS2304: Cannot find name 'memory'.
src/components/MessageListComponent.tsx(74,12): error TS2304: Cannot find name 'model'.
src/components/MessageListComponent.tsx(74,20): error TS18047: 'regexMatch' is possibly 'null'.
src/components/ModelsTableComponent.tsx(506,9): error TS2322: Type 'TableColumn<any>[]' is not assignable to type 'TableColumn<RawModel, unknown>[]'.
  Type 'TableColumn<any>' is not assignable to type 'TableColumn<RawModel, unknown>'.
    Types of property 'label' are incompatible.
      Type 'ReactNode' is not assignable to type 'string'.
        Type 'undefined' is not assignable to type 'string'.
src/components/ModelsTableComponent.tsx(601,42): error TS2552: Cannot find name 'model'. Did you mean 'models'?
src/components/ModelsTableComponent.tsx(1530,9): error TS2322: Type 'TableColumn<any>[]' is not assignable to type 'TableColumn<RowData, unknown>[]'.
  Type 'TableColumn<any>' is not assignable to type 'TableColumn<RowData, unknown>'.
    Types of property 'label' are incompatible.
      Type 'ReactNode' is not assignable to type 'string'.
        Type 'undefined' is not assignable to type 'string'.
src/components/ModelsTableComponent.tsx(1554,9): error TS2322: Type 'RefObject<HTMLTableRowElement | null> | ((element: HTMLTableRowElement | null) => void) | undefined' is not assignable to type 'RefObject<HTMLTableRowElement | null> | undefined'.
  Type '(element: HTMLTableRowElement | null) => void' is not assignable to type 'RefObject<HTMLTableRowElement | null>'.
src/components/ParametersPanelComponent.tsx(169,17): error TS2322: Type '(value: string) => void' is not assignable to type '(value: number) => void'.
  Types of parameters 'value' and 'value' are incompatible.
    Type 'number' is not assignable to type 'string'.
src/components/ParametersPanelComponent.tsx(190,17): error TS2322: Type '(value: string) => void' is not assignable to type '(value: number) => void'.
  Types of parameters 'value' and 'value' are incompatible.
    Type 'number' is not assignable to type 'string'.
src/components/ParametersPanelComponent.tsx(339,19): error TS2322: Type '(value: string) => void' is not assignable to type '(value: number) => void'.
  Types of parameters 'value' and 'value' are incompatible.
    Type 'number' is not assignable to type 'string'.
src/components/ParametersPanelComponent.tsx(364,21): error TS2322: Type '(value: string) => void' is not assignable to type '(value: number) => void'.
  Types of parameters 'value' and 'value' are incompatible.
    Type 'number' is not assignable to type 'string'.
src/components/ParametersPanelComponent.tsx(377,21): error TS2322: Type '(value: string) => void' is not assignable to type '(value: number) => void'.
  Types of parameters 'value' and 'value' are incompatible.
    Type 'number' is not assignable to type 'string'.
src/components/ParametersPanelComponent.tsx(390,21): error TS2322: Type '(value: string) => void' is not assignable to type '(value: number) => void'.
  Types of parameters 'value' and 'value' are incompatible.
    Type 'number' is not assignable to type 'string'.
src/components/ParametersPanelComponent.tsx(421,23): error TS2322: Type '(value: string) => void' is not assignable to type '(value: number) => void'.
  Types of parameters 'value' and 'value' are incompatible.
    Type 'number' is not assignable to type 'string'.
src/components/ParametersPanelComponent.tsx(432,23): error TS2322: Type '(value: string) => void' is not assignable to type '(value: number) => void'.
  Types of parameters 'value' and 'value' are incompatible.
    Type 'number' is not assignable to type 'string'.
src/components/PromptSectionComponent.tsx(40,9): error TS2322: Type 'string | undefined' is not assignable to type 'string'.
  Type 'undefined' is not assignable to type 'string'.
src/components/RainbowCanvasComponent.tsx(87,14): error TS2339: Property 'turboTime' does not exist on type 'number'.
src/components/RainbowCanvasComponent.tsx(88,14): error TS2339: Property 'turboVelocity' does not exist on type 'number'.
src/components/RainbowCanvasComponent.tsx(88,47): error TS2339: Property 'turboTime' does not exist on type 'number'.
src/components/RainbowCanvasComponent.tsx(88,62): error TS2339: Property 'turboTime' does not exist on type 'number'.
src/components/RainbowCanvasComponent.tsx(89,23): error TS2339: Property 'turboVelocity' does not exist on type 'number'.
src/components/RainbowCanvasComponent.tsx(90,14): error TS2339: Property 'turboTime' does not exist on type 'number'.
src/components/RainbowCanvasComponent.tsx(92,14): error TS2339: Property 'turboVelocity' does not exist on type 'number'.
src/components/RainbowCanvasComponent.tsx(92,39): error TS2339: Property 'turboVelocity' does not exist on type 'number'.
src/components/RainbowCanvasComponent.tsx(95,14): error TS2339: Property 'turboVelocity' does not exist on type 'number'.
src/components/RainbowCanvasComponent.tsx(96,14): error TS2339: Property 'turboTime' does not exist on type 'number'.
src/components/RainbowCanvasComponent.tsx(98,14): error TS2339: Property 'turboVelocity' does not exist on type 'number'.
src/components/RainbowCanvasComponent.tsx(99,14): error TS2339: Property 'turboTime' does not exist on type 'number'.
src/components/RainbowCanvasComponent.tsx(105,39): error TS2339: Property 'turboVelocity' does not exist on type 'number'.
src/components/RequestsTableComponent.tsx(57,7): error TS2322: Type 'string | number | null' is not assignable to type 'string | number | undefined'.
  Type 'null' is not assignable to type 'string | number | undefined'.
src/components/RequestsTableComponent.tsx(58,7): error TS2322: Type '({ key: string; label: string; description: string; render: (row: TransformedTableRow) => Element; } | { key: string; label: string; description: string; align: "right"; render: (row: TransformedTableRow) => string | Element; sortValue?: undefined; } | ... 4 more ... | { ...; })[]' is not assignable to type 'TableColumn<IrisRequestEntry, unknown>[]'.
  Type '{ key: string; label: string; description: string; render: (row: TransformedTableRow) => Element; } | { key: string; label: string; description: string; align: "right"; render: (row: TransformedTableRow) => string | Element; sortValue?: undefined; } | ... 4 more ... | { ...; }' is not assignable to type 'TableColumn<IrisRequestEntry, unknown>'.
    Type '{ key: string; label: string; sortable: boolean; align: string; render: (r: IrisRequestEntry) => JSX.Element; sortValue?: undefined; }' is not assignable to type 'TableColumn<IrisRequestEntry, unknown>'.
      Types of property 'align' are incompatible.
        Type 'string' is not assignable to type '"right" | "left" | "center" | undefined'.
src/components/SettingsPageComponent.tsx(106,10): error TS2304: Cannot find name 'model'.
src/components/SettingsPageComponent.tsx(107,20): error TS2304: Cannot find name 'model'.
src/components/SettingsPageComponent.tsx(107,46): error TS2304: Cannot find name 'model'.
src/components/SpinningCatComponent.tsx(176,12): error TS2339: Property 'accelTime' does not exist on type 'number'.
src/components/SpinningCatComponent.tsx(177,12): error TS2339: Property 'speedMultiplier' does not exist on type 'number'.
src/components/SpinningCatComponent.tsx(178,47): error TS2339: Property 'accelTime' does not exist on type 'number'.
src/components/SpinningCatComponent.tsx(178,62): error TS2339: Property 'accelTime' does not exist on type 'number'.
src/components/SpinningCatComponent.tsx(179,21): error TS2339: Property 'speedMultiplier' does not exist on type 'number'.
src/components/SpinningCatComponent.tsx(180,12): error TS2339: Property 'accelTime' does not exist on type 'number'.
src/components/SpinningCatComponent.tsx(182,12): error TS2339: Property 'speedMultiplier' does not exist on type 'number'.
src/components/SpinningCatComponent.tsx(182,48): error TS2339: Property 'speedMultiplier' does not exist on type 'number'.
src/components/SpinningCatComponent.tsx(183,21): error TS2339: Property 'windingDown' does not exist on type 'number'.
src/components/SpinningCatComponent.tsx(184,12): error TS2339: Property 'speedMultiplier' does not exist on type 'number'.
src/components/SpinningCatComponent.tsx(185,12): error TS2339: Property 'accelTime' does not exist on type 'number'.
src/components/SpinningCatComponent.tsx(186,12): error TS2339: Property 'windingDown' does not exist on type 'number'.
src/components/SpinningCatComponent.tsx(196,31): error TS2339: Property 'frameIndex' does not exist on type 'number'.
src/components/SpinningCatComponent.tsx(198,12): error TS2339: Property 'frameIndex' does not exist on type 'number'.
src/components/SpinningCatComponent.tsx(203,45): error TS2339: Property 'speedMultiplier' does not exist on type 'number'.
src/components/SpinningCatComponent.tsx(205,10): error TS2339: Property 'elapsed' does not exist on type 'number'.
src/components/SpinningCatComponent.tsx(207,14): error TS2339: Property 'elapsed' does not exist on type 'number'.
src/components/SpinningCatComponent.tsx(208,12): error TS2339: Property 'elapsed' does not exist on type 'number'.
src/components/SpinningCatComponent.tsx(209,12): error TS2339: Property 'frameIndex' does not exist on type 'number'.
src/components/SpinningCatComponent.tsx(209,29): error TS2339: Property 'frameIndex' does not exist on type 'number'.
src/components/SpinningCatComponent.tsx(211,16): error TS2339: Property 'frameIndex' does not exist on type 'number'.
src/components/SpinningCatComponent.tsx(219,60): error TS2339: Property 'frameIndex' does not exist on type 'number'.
src/components/SpinningCatComponent.tsx(225,12): error TS2339: Property 'windingDown' does not exist on type 'number'.
src/components/SpinningCatComponent.tsx(226,12): error TS2339: Property 'speedMultiplier' does not exist on type 'number'.
src/components/SpinningCatComponent.tsx(229,15): error TS2339: Property 'speedMultiplier' does not exist on type 'number'.
src/components/TracesTableComponent.tsx(91,7): error TS2322: Type 'string | number | null | undefined' is not assignable to type 'string | number | undefined'.
  Type 'null' is not assignable to type 'string | number | undefined'.
src/components/VramBenchmarkComponent.tsx(588,7): error TS2304: Cannot find name 'model'.
src/components/VramBenchmarkComponent.tsx(588,29): error TS2304: Cannot find name 'model'.
src/components/VramBenchmarkComponent.tsx(588,53): error TS2304: Cannot find name 'model'.
src/components/VramBenchmarkComponent.tsx(588,77): error TS2304: Cannot find name 'model'.
src/components/VramBenchmarkComponent.tsx(604,46): error TS2304: Cannot find name 'model'.
src/components/VramBenchmarkComponent.tsx(604,64): error TS2304: Cannot find name 'model'.
src/components/VramBenchmarkComponent.tsx(622,43): error TS2304: Cannot find name 'model'.
src/components/VramBenchmarkComponent.tsx(622,62): error TS2304: Cannot find name 'model'.
src/components/VramBenchmarkComponent.tsx(627,46): error TS2304: Cannot find name 'model'.
src/components/VramBenchmarkComponent.tsx(627,66): error TS2304: Cannot find name 'model'.
src/components/VramBenchmarkComponent.tsx(639,46): error TS2304: Cannot find name 'model'.
src/components/VramBenchmarkComponent.tsx(639,69): error TS2304: Cannot find name 'model'.
src/components/VramBenchmarkComponent.tsx(978,87): error TS2304: Cannot find name 'model'.
src/components/VramBenchmarkComponent.tsx(1024,10): error TS2304: Cannot find name 'model'.
src/components/VramBenchmarkComponent.tsx(1024,63): error TS2304: Cannot find name 'model'.
src/components/VramBenchmarkComponent.tsx(1049,70): error TS2304: Cannot find name 'model'.
src/components/VramBenchmarkComponent.tsx(1062,10): error TS2304: Cannot find name 'model'.
src/components/VramBenchmarkComponent.tsx(1062,62): error TS2304: Cannot find name 'model'.
src/components/VramBenchmarkComponent.tsx(1119,7): error TS2304: Cannot find name 'model'.
src/components/VramBenchmarkComponent.tsx(1119,39): error TS2304: Cannot find name 'model'.
src/components/VramBenchmarkComponent.tsx(1122,7): error TS2304: Cannot find name 'model'.
src/components/VramBenchmarkComponent.tsx(1122,36): error TS2304: Cannot find name 'model'.
src/components/VramBenchmarkComponent.tsx(1253,7): error TS18004: No value exists in scope for the shorthand property 'n'. Either declare one or provide an initializer.
src/components/VramBenchmarkComponent.tsx(1452,10): error TS2304: Cannot find name 'matchedMachine'.
src/components/VramBenchmarkComponent.tsx(1452,41): error TS2304: Cannot find name 'matchedMachine'.
src/components/VramBenchmarkComponent.tsx(1452,91): error TS2304: Cannot find name 'matchedMachine'.
src/components/VramBenchmarkComponent.tsx(1478,43): error TS2304: Cannot find name 'matchedMachine'.
src/components/VramBenchmarkComponent.tsx(1478,74): error TS2304: Cannot find name 'matchedMachine'.
src/components/VramBenchmarkComponent.tsx(1591,33): error TS2304: Cannot find name 'model'.
src/components/VramBenchmarkComponent.tsx(2132,31): error TS2304: Cannot find name 'model'.
src/components/VramBenchmarkComponent.tsx(2351,31): error TS2304: Cannot find name 'model'.
src/components/VramBenchmarkComponent.tsx(2425,38): error TS2304: Cannot find name 'quantizationKey'.
src/components/VramBenchmarkComponent.tsx(2562,48): error TS2304: Cannot find name 'quantizationKey'.
src/components/VramBenchmarkComponent.tsx(2577,48): error TS2304: Cannot find name 'quantizationKey'.
src/components/VramBenchmarkComponent.tsx(2642,31): error TS2304: Cannot find name 'model'.
src/components/VramBenchmarkComponent.tsx(3489,11): error TS2322: Type 'Dispatch<SetStateAction<ChartViewKey>>' is not assignable to type '(key: string) => void'.
  Types of parameters 'value' and 'key' are incompatible.
    Type 'string' is not assignable to type 'SetStateAction<ChartViewKey>'.
src/components/VramBenchmarkComponent.tsx(3522,15): error TS2322: Type 'Element' is not assignable to type 'string'.
src/components/VramBenchmarkComponent.tsx(3525,17): error TS2322: Type '{ value: string; label: string; icon: JSX.Element; tooltip: JSX.Element; }' is not assignable to type 'SelectOption'.
  Types of property 'tooltip' are incompatible.
    Type 'Element' is not assignable to type 'string'.
