src/app/admin/conversations/[id]/page.tsx(7,11): error TS2339: Property 'id' does not exist on type 'unknown'.
src/app/admin/conversations/page.tsx(84,24): error TS2554: Expected 0 arguments, but got 1.
src/app/admin/conversations/page.tsx(88,40): error TS2554: Expected 0 arguments, but got 1.
src/app/admin/conversations/page.tsx(229,59): error TS2304: Cannot find name 'err'.
src/app/admin/conversations/page.tsx(238,38): error TS2345: Argument of type 'string | null' is not assignable to parameter of type 'null | undefined'.
  Type 'string' is not assignable to type 'null | undefined'.
src/app/admin/conversations/page.tsx(268,65): error TS2304: Cannot find name 'err'.
src/app/admin/conversations/page.tsx(315,9): error TS7034: Variable 'pollInterval' implicitly has type 'any' in some locations where its type cannot be determined.
src/app/admin/conversations/page.tsx(321,16): error TS7005: Variable 'pollInterval' implicitly has an 'any' type.
src/app/admin/conversations/page.tsx(335,11): error TS7005: Variable 'pollInterval' implicitly has an 'any' type.
src/app/admin/conversations/page.tsx(413,7): error TS2554: Expected 0 arguments, but got 1.
src/app/admin/conversations/page.tsx(444,19): error TS2554: Expected 0 arguments, but got 1.
src/app/admin/conversations/page.tsx(445,21): error TS2554: Expected 0 arguments, but got 1.
src/app/admin/conversations/page.tsx(451,19): error TS2554: Expected 0 arguments, but got 1.
src/app/admin/conversations/page.tsx(593,50): error TS18047: 'selectedConv' is possibly 'null'.
src/app/admin/conversations/page.tsx(595,31): error TS18047: 'selectedConv' is possibly 'null'.
src/app/admin/media/page.tsx(16,7): error TS2554: Expected 0 arguments, but got 1.
src/app/admin/media/page.tsx(27,19): error TS2554: Expected 0 arguments, but got 1.
src/app/admin/media/page.tsx(28,21): error TS2554: Expected 0 arguments, but got 1.
src/app/admin/models/page.tsx(16,7): error TS2554: Expected 0 arguments, but got 1.
src/app/admin/models/page.tsx(27,19): error TS2554: Expected 0 arguments, but got 1.
src/app/admin/models/page.tsx(28,21): error TS2554: Expected 0 arguments, but got 1.
src/app/admin/page.tsx(122,29): error TS18046: 'models' is of type 'unknown'.
src/app/admin/page.tsx(169,9): error TS7034: Variable 'pollInterval' implicitly has type 'any' in some locations where its type cannot be determined.
src/app/admin/page.tsx(170,9): error TS7034: Variable 'debounceTimer' implicitly has type 'any' in some locations where its type cannot be determined.
src/app/admin/page.tsx(173,11): error TS7005: Variable 'debounceTimer' implicitly has an 'any' type.
src/app/admin/page.tsx(183,16): error TS7005: Variable 'pollInterval' implicitly has an 'any' type.
src/app/admin/page.tsx(193,11): error TS7005: Variable 'pollInterval' implicitly has an 'any' type.
src/app/admin/page.tsx(194,11): error TS7005: Variable 'debounceTimer' implicitly has an 'any' type.
src/app/admin/page.tsx(201,7): error TS2554: Expected 0 arguments, but got 1.
src/app/admin/page.tsx(213,30): error TS2554: Expected 0 arguments, but got 1.
src/app/admin/page.tsx(338,7): error TS18047: 'stats' is possibly 'null'.
src/app/admin/page.tsx(338,25): error TS18047: 'stats' is possibly 'null'.
src/app/admin/providers/page.tsx(154,7): error TS2554: Expected 0 arguments, but got 1.
src/app/admin/providers/page.tsx(168,19): error TS2554: Expected 0 arguments, but got 1.
src/app/admin/providers/page.tsx(169,21): error TS2554: Expected 0 arguments, but got 1.
src/app/admin/providers/page.tsx(175,19): error TS2554: Expected 0 arguments, but got 1.
src/app/admin/requests/page.tsx(159,9): error TS7034: Variable 'pollInterval' implicitly has type 'any' in some locations where its type cannot be determined.
src/app/admin/requests/page.tsx(160,9): error TS7034: Variable 'debounceTimer' implicitly has type 'any' in some locations where its type cannot be determined.
src/app/admin/requests/page.tsx(162,11): error TS7005: Variable 'debounceTimer' implicitly has an 'any' type.
src/app/admin/requests/page.tsx(169,16): error TS7005: Variable 'pollInterval' implicitly has an 'any' type.
src/app/admin/requests/page.tsx(183,11): error TS7005: Variable 'pollInterval' implicitly has an 'any' type.
src/app/admin/requests/page.tsx(184,11): error TS7005: Variable 'debounceTimer' implicitly has an 'any' type.
src/app/admin/requests/page.tsx(203,29): error TS2353: Object literal may only specify known properties, and 'conversations' does not exist in type '(prevState: null) => null'.
src/app/admin/requests/page.tsx(275,7): error TS2554: Expected 0 arguments, but got 1.
src/app/admin/requests/page.tsx(297,19): error TS2554: Expected 0 arguments, but got 1.
src/app/admin/requests/page.tsx(298,21): error TS2554: Expected 0 arguments, but got 1.
src/app/admin/requests/page.tsx(304,19): error TS2554: Expected 0 arguments, but got 1.
src/app/admin/requests/page.tsx(453,26): error TS18047: 'associations' is possibly 'null'.
src/app/admin/requests/page.tsx(495,26): error TS18047: 'associations' is possibly 'null'.
src/app/admin/requests/page.tsx(529,26): error TS18047: 'associations' is possibly 'null'.
src/app/admin/text/page.tsx(16,7): error TS2554: Expected 0 arguments, but got 1.
src/app/admin/text/page.tsx(27,19): error TS2554: Expected 0 arguments, but got 1.
src/app/admin/text/page.tsx(28,21): error TS2554: Expected 0 arguments, but got 1.
src/app/admin/tool-calls/page.tsx(245,7): error TS2554: Expected 0 arguments, but got 1.
src/app/admin/tool-calls/page.tsx(253,19): error TS2554: Expected 0 arguments, but got 1.
src/app/admin/tool-calls/page.tsx(254,21): error TS2554: Expected 0 arguments, but got 1.
src/app/admin/tool-calls/page.tsx(259,30): error TS2554: Expected 0 arguments, but got 1.
src/app/admin/tool-calls/page.tsx(413,19): error TS18047: 'stats' is possibly 'null'.
src/app/admin/tool-calls/page.tsx(429,14): error TS18047: 'stats' is possibly 'null'.
src/app/admin/tool-requests/page.tsx(244,7): error TS2554: Expected 0 arguments, but got 1.
src/app/admin/tool-requests/page.tsx(252,19): error TS2554: Expected 0 arguments, but got 1.
src/app/admin/tool-requests/page.tsx(253,21): error TS2554: Expected 0 arguments, but got 1.
src/app/admin/tool-requests/page.tsx(258,19): error TS2554: Expected 0 arguments, but got 1.
src/app/admin/traces/page.tsx(74,47): error TS2304: Cannot find name 'err'.
src/app/admin/traces/page.tsx(94,9): error TS7034: Variable 'pollInterval' implicitly has type 'any' in some locations where its type cannot be determined.
src/app/admin/traces/page.tsx(95,9): error TS7034: Variable 'debounceTimer' implicitly has type 'any' in some locations where its type cannot be determined.
src/app/admin/traces/page.tsx(97,11): error TS7005: Variable 'debounceTimer' implicitly has an 'any' type.
src/app/admin/traces/page.tsx(104,16): error TS7005: Variable 'pollInterval' implicitly has an 'any' type.
src/app/admin/traces/page.tsx(119,11): error TS7005: Variable 'pollInterval' implicitly has an 'any' type.
src/app/admin/traces/page.tsx(120,11): error TS7005: Variable 'debounceTimer' implicitly has an 'any' type.
src/app/admin/traces/page.tsx(138,29): error TS2353: Object literal may only specify known properties, and 'conversations' does not exist in type '(prevState: null) => null'.
src/app/admin/traces/page.tsx(164,7): error TS2554: Expected 0 arguments, but got 1.
src/app/admin/traces/page.tsx(177,19): error TS2554: Expected 0 arguments, but got 1.
src/app/admin/traces/page.tsx(178,21): error TS2554: Expected 0 arguments, but got 1.
src/app/admin/traces/page.tsx(184,19): error TS2554: Expected 0 arguments, but got 1.
src/app/admin/traces/page.tsx(256,26): error TS18047: 'associations' is possibly 'null'.
src/app/admin/traces/page.tsx(298,26): error TS18047: 'associations' is possibly 'null'.
src/app/admin/traces/page.tsx(332,26): error TS18047: 'associations' is possibly 'null'.
src/app/admin/workflows/page.tsx(169,7): error TS2554: Expected 0 arguments, but got 1.
src/app/admin/workflows/page.tsx(196,19): error TS2554: Expected 0 arguments, but got 1.
src/app/admin/workflows/page.tsx(197,21): error TS2554: Expected 0 arguments, but got 1.
src/app/admin/workflows/page.tsx(203,19): error TS2554: Expected 0 arguments, but got 1.
src/app/chat/page.tsx(42,23): error TS2345: Argument of type '{}' is not assignable to parameter of type 'string'.
src/app/error.tsx(3,36): error TS7016: Could not find a declaration file for module '@rodrigo-barraza/components-library/src/components/ErrorFallbackComponent/ErrorFallbackComponent'. '/home/rodrigo/development/prism-client/node_modules/@rodrigo-barraza/components-library/src/components/ErrorFallbackComponent/ErrorFallbackComponent.js' implicitly has an 'any' type.
  Try `npm i --save-dev @types/rodrigo-barraza__components-library` if it exists or add a new declaration (.d.ts) file containing `declare module '@rodrigo-barraza/components-library/src/components/ErrorFallbackComponent/ErrorFallbackComponent';`
src/app/workflows/[id]/page.tsx(7,11): error TS2339: Property 'id' does not exist on type 'unknown'.
src/app/workflows/page.tsx(57,23): error TS18046: 'models' is of type 'unknown'.
src/app/workflows/page.tsx(260,55): error TS2304: Cannot find name 'err'.
src/app/workflows/page.tsx(367,27): error TS2345: Argument of type 'string' is not assignable to parameter of type 'SetStateAction<null>'.
src/app/workflows/page.tsx(388,24): error TS2554: Expected 1 arguments, but got 0.
src/app/workflows/page.tsx(389,24): error TS2554: Expected 1 arguments, but got 0.
src/app/workflows/page.tsx(400,27): error TS2345: Argument of type 'string' is not assignable to parameter of type 'SetStateAction<null>'.
src/app/workflows/page.tsx(446,25): error TS2345: Argument of type 'string' is not assignable to parameter of type 'SetStateAction<null>'.
src/app/workflows/page.tsx(1081,32): error TS2554: Expected 2 arguments, but got 1.
src/app/workflows/page.tsx(1270,43): error TS2345: Argument of type 'string | ArrayBuffer | null' is not assignable to parameter of type 'string'.
  Type 'null' is not assignable to type 'string'.
src/components/AdminAgentViewerComponent.tsx(83,19): error TS2554: Expected 0 arguments, but got 1.
src/components/AdminAgentViewerComponent.tsx(84,32): error TS2554: Expected 0 arguments, but got 1.
src/components/AdminAgentViewerComponent.tsx(89,30): error TS2554: Expected 0 arguments, but got 1.
src/components/AdminAgentViewerComponent.tsx(113,61): error TS2304: Cannot find name 'err'.
src/components/AdminAgentViewerComponent.tsx(153,18): error TS2554: Expected 3 arguments, but got 2.
src/components/AdminAgentViewerComponent.tsx(165,24): error TS18046: 'models' is of type 'unknown'.
src/components/AdminAgentViewerComponent.tsx(176,7): error TS2698: Spread types may only be created from object types.
src/components/AdminAgentViewerComponent.tsx(244,56): error TS2304: Cannot find name 'err'.
src/components/AdminAgentViewerComponent.tsx(324,23): error TS18047: 'backendSessionStats' is possibly 'null'.
src/components/AdminHeaderContextComponent.tsx(86,53): error TS2322: Type '(node: any) => void' is not assignable to type '() => void'.
  Target signature provides too few arguments. Expected 1 or more, but got 0.
src/components/AdminHeaderContextComponent.tsx(86,78): error TS2322: Type '(val: any) => void' is not assignable to type '() => void'.
  Target signature provides too few arguments. Expected 1 or more, but got 0.
src/components/AdminHeaderContextComponent.tsx(86,104): error TS2322: Type '(val: any) => void' is not assignable to type '() => void'.
  Target signature provides too few arguments. Expected 1 or more, but got 0.
src/components/AdminHeaderContextComponent.tsx(86,133): error TS2322: Type '(val: any) => void' is not assignable to type '() => void'.
  Target signature provides too few arguments. Expected 1 or more, but got 0.
src/components/AdminShellComponent.tsx(239,9): error TS7034: Variable 'pollInterval' implicitly has type 'any' in some locations where its type cannot be determined.
src/components/AdminShellComponent.tsx(244,16): error TS7005: Variable 'pollInterval' implicitly has an 'any' type.
src/components/AdminShellComponent.tsx(265,11): error TS7005: Variable 'pollInterval' implicitly has an 'any' type.
src/components/AdminShellComponent.tsx(282,22): error TS2554: Expected 0 arguments, but got 1.
src/components/AgentCardComponent.tsx(39,24): error TS18046: 'models' is of type 'unknown'.
src/components/AgentComponent.tsx(405,30): error TS18046: 'w' is of type 'unknown'.
src/components/AgentComponent.tsx(405,41): error TS18046: 'w' is of type 'unknown'.
src/components/AgentComponent.tsx(405,67): error TS18046: 'w' is of type 'unknown'.
src/components/AgentComponent.tsx(406,15): error TS2698: Spread types may only be created from object types.
src/components/AgentComponent.tsx(427,9): error TS2698: Spread types may only be created from object types.
src/components/AgentComponent.tsx(438,24): error TS18046: 'models' is of type 'unknown'.
src/components/AgentComponent.tsx(449,7): error TS2698: Spread types may only be created from object types.
src/components/AgentComponent.tsx(588,49): error TS2304: Cannot find name 'err'.
src/components/AgentComponent.tsx(606,54): error TS2304: Cannot find name 'err'.
src/components/AgentComponent.tsx(661,62): error TS2304: Cannot find name 'err'.
src/components/AgentComponent.tsx(672,53): error TS2304: Cannot find name 'err'.
src/components/AgentComponent.tsx(686,47): error TS2304: Cannot find name 'err'.
src/components/AgentComponent.tsx(700,52): error TS2304: Cannot find name 'err'.
src/components/AgentComponent.tsx(918,10): error TS18047: 'sel' is possibly 'null'.
src/components/AgentComponent.tsx(919,19): error TS18047: 'sel' is possibly 'null'.
src/components/AgentComponent.tsx(939,19): error TS2554: Expected 4 arguments, but got 3.
src/components/AgentComponent.tsx(942,19): error TS18047: 'sel' is possibly 'null'.
src/components/AgentComponent.tsx(942,58): error TS18047: 'sel' is possibly 'null'.
src/components/AgentComponent.tsx(942,76): error TS18047: 'sel' is possibly 'null'.
src/components/AgentComponent.tsx(946,20): error TS18047: 'container.textContent' is possibly 'null'.
src/components/AgentComponent.tsx(977,19): error TS18047: 'sel' is possibly 'null'.
src/components/AgentComponent.tsx(977,58): error TS18047: 'sel' is possibly 'null'.
src/components/AgentComponent.tsx(977,76): error TS18047: 'sel' is possibly 'null'.
src/components/AgentComponent.tsx(981,20): error TS18047: 'container.textContent' is possibly 'null'.
src/components/AgentComponent.tsx(1020,23): error TS2345: Argument of type 'Set<unknown>' is not assignable to parameter of type 'SetStateAction<null>'.
  Type 'Set<unknown>' provides no match for the signature '(prevState: null): null'.
src/components/AgentComponent.tsx(1042,10): error TS18047: 'sel' is possibly 'null'.
src/components/AgentComponent.tsx(1042,41): error TS18047: 'sel' is possibly 'null'.
src/components/AgentComponent.tsx(1043,20): error TS18047: 'sel' is possibly 'null'.
src/components/AgentComponent.tsx(1044,9): error TS18047: 'anchor' is possibly 'null'.
src/components/AgentComponent.tsx(1045,39): error TS18047: 'anchor' is possibly 'null'.
src/components/AgentComponent.tsx(1045,59): error TS18047: 'sel' is possibly 'null'.
src/components/AgentComponent.tsx(1070,10): error TS18047: 'sel' is possibly 'null'.
src/components/AgentComponent.tsx(1071,19): error TS2554: Expected 4 arguments, but got 3.
src/components/AgentComponent.tsx(1072,56): error TS18047: 'sel' is possibly 'null'.
src/components/AgentComponent.tsx(1088,28): error TS2345: Argument of type 'unknown' is not assignable to parameter of type 'Blob'.
src/components/AgentComponent.tsx(1137,30): error TS2345: Argument of type 'unknown' is not assignable to parameter of type 'Blob'.
src/components/AgentComponent.tsx(1245,13): error TS7034: Variable 'firstChunkTime' implicitly has type 'any' in some locations where its type cannot be determined.
src/components/AgentComponent.tsx(1246,13): error TS7034: Variable 'prevChunkTime' implicitly has type 'any' in some locations where its type cannot be determined.
src/components/AgentComponent.tsx(1254,15): error TS7034: Variable 'contentSegments' implicitly has type 'any[]' in some locations where its type cannot be determined.
src/components/AgentComponent.tsx(1255,15): error TS7034: Variable 'textFragments' implicitly has type 'any[]' in some locations where its type cannot be determined.
src/components/AgentComponent.tsx(1256,15): error TS7034: Variable 'thinkingFragments' implicitly has type 'any[]' in some locations where its type cannot be determined.
src/components/AgentComponent.tsx(1258,13): error TS7034: Variable 'lastSegmentType' implicitly has type 'any' in some locations where its type cannot be determined.
src/components/AgentComponent.tsx(1264,11): error TS7005: Variable 'contentSegments' implicitly has an 'any[]' type.
src/components/AgentComponent.tsx(1283,18): error TS7005: Variable 'firstChunkTime' implicitly has an 'any' type.
src/components/AgentComponent.tsx(1285,17): error TS7005: Variable 'prevChunkTime' implicitly has an 'any' type.
src/components/AgentComponent.tsx(1286,35): error TS7005: Variable 'prevChunkTime' implicitly has an 'any' type.
src/components/AgentComponent.tsx(1298,17): error TS7005: Variable 'lastSegmentType' implicitly has an 'any' type.
src/components/AgentComponent.tsx(1310,15): error TS7005: Variable 'textFragments' implicitly has an 'any[]' type.
src/components/AgentComponent.tsx(1321,45): error TS7005: Variable 'textFragments' implicitly has an 'any[]' type.
src/components/AgentComponent.tsx(1322,49): error TS7005: Variable 'thinkingFragments' implicitly has an 'any[]' type.
src/components/AgentComponent.tsx(1324,47): error TS7005: Variable 'firstChunkTime' implicitly has an 'any' type.
src/components/AgentComponent.tsx(1333,38): error TS7005: Variable 'textFragments' implicitly has an 'any[]' type.
src/components/AgentComponent.tsx(1334,42): error TS7005: Variable 'thinkingFragments' implicitly has an 'any[]' type.
src/components/AgentComponent.tsx(1336,40): error TS7005: Variable 'firstChunkTime' implicitly has an 'any' type.
src/components/AgentComponent.tsx(1352,18): error TS7005: Variable 'firstChunkTime' implicitly has an 'any' type.
src/components/AgentComponent.tsx(1353,17): error TS7005: Variable 'prevChunkTime' implicitly has an 'any' type.
src/components/AgentComponent.tsx(1354,35): error TS7005: Variable 'prevChunkTime' implicitly has an 'any' type.
src/components/AgentComponent.tsx(1365,17): error TS7005: Variable 'lastSegmentType' implicitly has an 'any' type.
src/components/AgentComponent.tsx(1374,15): error TS7005: Variable 'thinkingFragments' implicitly has an 'any[]' type.
src/components/AgentComponent.tsx(1384,49): error TS7005: Variable 'thinkingFragments' implicitly has an 'any[]' type.
src/components/AgentComponent.tsx(1386,47): error TS7005: Variable 'firstChunkTime' implicitly has an 'any' type.
src/components/AgentComponent.tsx(1396,42): error TS7005: Variable 'thinkingFragments' implicitly has an 'any[]' type.
src/components/AgentComponent.tsx(1398,40): error TS7005: Variable 'firstChunkTime' implicitly has an 'any' type.
src/components/AgentComponent.tsx(1432,23): error TS7005: Variable 'lastSegmentType' implicitly has an 'any' type.
src/components/AgentComponent.tsx(1434,21): error TS7005: Variable 'contentSegments' implicitly has an 'any[]' type.
src/components/AgentComponent.tsx(1455,128): error TS7005: Variable 'textFragments' implicitly has an 'any[]' type.
src/components/AgentComponent.tsx(1455,167): error TS7005: Variable 'thinkingFragments' implicitly has an 'any[]' type.
src/components/AgentComponent.tsx(1458,138): error TS7005: Variable 'textFragments' implicitly has an 'any[]' type.
src/components/AgentComponent.tsx(1458,177): error TS7005: Variable 'thinkingFragments' implicitly has an 'any[]' type.
src/components/AgentComponent.tsx(1534,23): error TS7005: Variable 'lastSegmentType' implicitly has an 'any' type.
src/components/AgentComponent.tsx(1535,21): error TS7005: Variable 'contentSegments' implicitly has an 'any[]' type.
src/components/AgentComponent.tsx(1557,128): error TS7005: Variable 'textFragments' implicitly has an 'any[]' type.
src/components/AgentComponent.tsx(1557,167): error TS7005: Variable 'thinkingFragments' implicitly has an 'any[]' type.
src/components/AgentComponent.tsx(1559,138): error TS7005: Variable 'textFragments' implicitly has an 'any[]' type.
src/components/AgentComponent.tsx(1559,177): error TS7005: Variable 'thinkingFragments' implicitly has an 'any[]' type.
src/components/AgentComponent.tsx(1653,15): error TS2353: Object literal may only specify known properties, and 'questions' does not exist in type '(prevState: null) => null'.
src/components/AgentComponent.tsx(1694,38): error TS7005: Variable 'textFragments' implicitly has an 'any[]' type.
src/components/AgentComponent.tsx(1695,42): error TS7005: Variable 'thinkingFragments' implicitly has an 'any[]' type.
src/components/AgentComponent.tsx(1706,15): error TS2353: Object literal may only specify known properties, and 'plan' does not exist in type '(prevState: null) => null'.
src/components/AgentComponent.tsx(1716,17): error TS2353: Object literal may only specify known properties, and 'iteration' does not exist in type '(prevState: null) => null'.
src/components/AgentComponent.tsx(1723,17): error TS2353: Object literal may only specify known properties, and 'strategy' does not exist in type '(prevState: null) => null'.
src/components/AgentComponent.tsx(2075,41): error TS2304: Cannot find name 'error'.
src/components/AgentComponent.tsx(2124,15): error TS2339: Property 'isQueueing' does not exist on type '{}'.
src/components/AgentComponent.tsx(2124,35): error TS2339: Property 'overridePayload' does not exist on type '{}'.
src/components/AgentComponent.tsx(2137,29): error TS2353: Object literal may only specify known properties, and 'text' does not exist in type '(prevState: null) => null'.
src/components/AgentComponent.tsx(2181,27): error TS2345: Argument of type 'number' is not assignable to parameter of type 'SetStateAction<null>'.
src/components/AgentComponent.tsx(2298,11): error TS2554: Expected 1-2 arguments, but got 0.
src/components/AgentComponent.tsx(2304,13): error TS18047: 'sel' is possibly 'null'.
src/components/AgentComponent.tsx(2305,25): error TS18047: 'sel' is possibly 'null'.
src/components/AgentComponent.tsx(2313,11): error TS18047: 'sel' is possibly 'null'.
src/components/AgentComponent.tsx(2314,11): error TS18047: 'sel' is possibly 'null'.
src/components/AgentComponent.tsx(2386,26): error TS2345: Argument of type 'string' is not assignable to parameter of type 'SetStateAction<null>'.
src/components/AgentComponent.tsx(2389,28): error TS2345: Argument of type 'string' is not assignable to parameter of type 'SetStateAction<null>'.
src/components/AgentComponent.tsx(2414,31): error TS2554: Expected 0 arguments, but got 1.
src/components/AgentComponent.tsx(2511,26): error TS2345: Argument of type '"out"' is not assignable to parameter of type 'SetStateAction<null>'.
src/components/AgentComponent.tsx(2529,28): error TS2345: Argument of type '"in"' is not assignable to parameter of type 'SetStateAction<null>'.
src/components/AgentComponent.tsx(2539,28): error TS2345: Argument of type '"in"' is not assignable to parameter of type 'SetStateAction<null>'.
src/components/AgentComponent.tsx(2545,52): error TS2304: Cannot find name 'err'.
src/components/AgentComponent.tsx(2567,52): error TS2304: Cannot find name 'err'.
src/components/AgentComponent.tsx(2581,29): error TS2345: Argument of type 'string' is not assignable to parameter of type 'SetStateAction<null>'.
src/components/AgentComponent.tsx(3035,41): error TS2322: Type '{ "--agent-bg-image": string; } | undefined' is not assignable to type 'CSSProperties | undefined'.
  Object literal may only specify known properties, and '"--agent-bg-image"' does not exist in type 'Properties<string | number, string & {}>'.
src/components/AgentPickerComponent.tsx(174,42): error TS2322: Type '{ "--agent-accent": any; } | undefined' is not assignable to type 'CSSProperties | undefined'.
  Object literal may only specify known properties, and '"--agent-accent"' does not exist in type 'Properties<string | number, string & {}>'.
src/components/AnimatedFaviconComponent.tsx(40,9): error TS18047: 'ctx' is possibly 'null'.
src/components/AnimatedFaviconComponent.tsx(41,9): error TS18047: 'ctx' is possibly 'null'.
src/components/AssetInputOptionsComponent.tsx(85,5): error TS18047: 'ctx' is possibly 'null'.
src/components/AudioPlayerRecorderComponent.tsx(54,57): error TS2551: Property 'webkitAudioContext' does not exist on type 'Window & typeof globalThis'. Did you mean 'AudioContext'?
src/components/AudioPlayerRecorderComponent.tsx(282,59): error TS2551: Property 'webkitAudioContext' does not exist on type 'Window & typeof globalThis'. Did you mean 'AudioContext'?
src/components/BenchmarkDashboardComponent.tsx(30,23): error TS18046: 'models' is of type 'unknown'.
src/components/BenchmarkDashboardComponent.tsx(101,56): error TS2304: Cannot find name 'err'.
src/components/BenchmarkDetailPageComponent.tsx(52,23): error TS18046: 'models' is of type 'unknown'.
src/components/BenchmarkDetailPageComponent.tsx(167,25): error TS2345: Argument of type 'string' is not assignable to parameter of type 'SetStateAction<null>'.
src/components/BenchmarkDetailPageComponent.tsx(172,63): error TS2322: Type 'any[]' is not assignable to type 'never[]'.
  Type 'any' is not assignable to type 'never'.
src/components/BenchmarkDetailPageComponent.tsx(236,57): error TS2304: Cannot find name 'err'.
src/components/BenchmarkDetailPageComponent.tsx(245,52): error TS2304: Cannot find name 'err'.
src/components/BenchmarkDetailPageComponent.tsx(304,69): error TS2322: Type 'any[]' is not assignable to type 'never[]'.
  Type 'any' is not assignable to type 'never'.
src/components/BenchmarkDetailPageComponent.tsx(507,49): error TS2304: Cannot find name 'err'.
src/components/BenchmarkDetailPageComponent.tsx(610,51): error TS2304: Cannot find name 'err'.
src/components/BenchmarkDetailPageComponent.tsx(718,9): error TS2353: Object literal may only specify known properties, and 'id' does not exist in type '(prevState: null) => null'.
src/components/BenchmarkDetailPageComponent.tsx(929,52): error TS2304: Cannot find name 'err'.
src/components/BenchmarkPageComponent.tsx(72,50): error TS2304: Cannot find name 'err'.
src/components/BenchmarkSidebarComponent.tsx(43,51): error TS2304: Cannot find name 'err'.
src/components/BenchmarkSidebarComponent.tsx(56,9): error TS7034: Variable 'interval' implicitly has type 'any' in some locations where its type cannot be determined.
src/components/BenchmarkSidebarComponent.tsx(67,32): error TS7005: Variable 'interval' implicitly has an 'any' type.
src/components/BenchmarkSidebarComponent.tsx(69,40): error TS7005: Variable 'interval' implicitly has an 'any' type.
src/components/BenchmarkSidebarComponent.tsx(83,11): error TS7005: Variable 'interval' implicitly has an 'any' type.
src/components/BenchmarkSidebarComponent.tsx(170,34): error TS2554: Expected 2 arguments, but got 1.
src/components/ChartTabsComponent.tsx(22,28): error TS2554: Expected 2 arguments, but got 1.
src/components/CoordinatorPanelComponent.tsx(45,16): error TS2353: Object literal may only specify known properties, and 'type' does not exist in type '(prevState: null) => null'.
src/components/CustomAgentsPanelComponent.tsx(213,39): error TS2353: Object literal may only specify known properties, and 'enabledTools' does not exist in type '(prevState: null) => null'.
src/components/CustomAgentsPanelComponent.tsx(234,10): error TS18047: 'editingAgent' is possibly 'null'.
src/components/CustomAgentsPanelComponent.tsx(235,16): error TS2345: Argument of type '"Agent name is required"' is not assignable to parameter of type 'SetStateAction<null>'.
src/components/CustomAgentsPanelComponent.tsx(246,11): error TS18047: 'editingAgent' is possibly 'null'.
src/components/CustomAgentsPanelComponent.tsx(271,50): error TS2304: Cannot find name 'err'.
src/components/CustomAgentsPanelComponent.tsx(354,58): error TS2322: Type '{ "--agent-color": any; } | undefined' is not assignable to type 'CSSProperties | undefined'.
  Object literal may only specify known properties, and '"--agent-color"' does not exist in type 'Properties<string | number, string & {}>'.
src/components/CustomAgentsPanelComponent.tsx(380,28): error TS2353: Object literal may only specify known properties, and '"--swatch-color"' does not exist in type 'Properties<string | number, string & {}>'.
src/components/CustomToolsPanelComponent.tsx(99,37): error TS2353: Object literal may only specify known properties, and 'parameters' does not exist in type '(prevState: null) => null'.
src/components/CustomToolsPanelComponent.tsx(132,10): error TS18047: 'editingTool' is possibly 'null'.
src/components/CustomToolsPanelComponent.tsx(132,31): error TS18047: 'editingTool' is possibly 'null'.
src/components/CustomToolsPanelComponent.tsx(136,9): error TS2698: Spread types may only be created from object types.
src/components/CustomToolsPanelComponent.tsx(138,21): error TS18047: 'editingTool' is possibly 'null'.
src/components/CustomToolsPanelComponent.tsx(160,11): error TS18047: 'editingTool' is possibly 'null'.
src/components/CustomToolsPanelComponent.tsx(160,29): error TS18047: 'editingTool' is possibly 'null'.
src/components/CustomToolsPanelComponent.tsx(169,45): error TS2304: Cannot find name 'err'.
src/components/CustomToolsPanelComponent.tsx(186,49): error TS2304: Cannot find name 'err'.
src/components/CustomToolsPanelComponent.tsx(200,49): error TS2304: Cannot find name 'err'.
src/components/CustomToolsPanelComponent.tsx(249,22): error TS2345: Argument of type '"Invalid JSON — check syntax"' is not assignable to parameter of type 'SetStateAction<null>'.
src/components/CustomToolsPanelComponent.tsx(256,24): error TS2345: Argument of type '"Empty array — provide at least one tool definition"' is not assignable to parameter of type 'SetStateAction<null>'.
src/components/CustomToolsPanelComponent.tsx(284,11): error TS2345: Argument of type '"Unrecognized shape — expected an OpenAI tool definition, a {name, parameters} object, or a raw {type:\"object\", properties} schema"' is not assignable to parameter of type 'SetStateAction<null>'.
src/components/CustomToolsPanelComponent.tsx(290,13): error TS7034: Variable 'params' implicitly has type 'any[]' in some locations where its type cannot be determined.
src/components/CustomToolsPanelComponent.tsx(298,19): error TS18046: 'schema' is of type 'unknown'.
src/components/CustomToolsPanelComponent.tsx(299,26): error TS18046: 'schema' is of type 'unknown'.
src/components/CustomToolsPanelComponent.tsx(301,33): error TS18046: 'schema' is of type 'unknown'.
src/components/CustomToolsPanelComponent.tsx(301,48): error TS18046: 'schema' is of type 'unknown'.
src/components/CustomToolsPanelComponent.tsx(310,21): error TS7005: Variable 'params' implicitly has an 'any[]' type.
src/components/CustomToolsPanelComponent.tsx(317,22): error TS2345: Argument of type 'string' is not assignable to parameter of type 'SetStateAction<null>'.
src/components/CustomToolsPanelComponent.tsx(357,59): error TS2304: Cannot find name 'err'.
src/components/DistributionChartComponent.tsx(342,21): error TS2769: No overload matches this call.
  Overload 1 of 2, '(outsideProps: Props<{ name: any; value: any; fill: any; }, any>): ReactElement<unknown, string | JSXElementConstructor<any>>', gave the following error.
    Type '{ children: Element[]; data: { name: any; value: any; fill: any; }[]; cx: string; cy: string; innerRadius: number; outerRadius: number; paddingAngle: number; dataKey: "value"; activeIndex: null; ... 4 more ...; animationEasing: "ease-in-out"; }' is not assignable to type 'IntrinsicAttributes & PieSvgAttributes & PieProps<{ name: any; value: any; fill: any; }, any>'.
      Property 'activeIndex' does not exist on type 'IntrinsicAttributes & PieSvgAttributes & PieProps<{ name: any; value: any; fill: any; }, any>'.
  Overload 2 of 2, '(outsideProps: Props<any, any>): ReactElement<unknown, string | JSXElementConstructor<any>>', gave the following error.
    Type '{ children: Element[]; data: { name: any; value: any; fill: any; }[]; cx: string; cy: string; innerRadius: number; outerRadius: number; paddingAngle: number; dataKey: string; activeIndex: null; activeShape: (props: any) => Element; onMouseEnter: (_: any, index: any) => void; onMouseLeave: () => void; animationDurati...' is not assignable to type 'IntrinsicAttributes & PieSvgAttributes & PieProps<any, any>'.
      Property 'activeIndex' does not exist on type 'IntrinsicAttributes & PieSvgAttributes & PieProps<any, any>'.
src/components/DrawingCanvasComponent.tsx(230,9): error TS2353: Object literal may only specify known properties, and 'tool' does not exist in type '(prevState: null) => null'.
src/components/DrawingCanvasComponent.tsx(238,9): error TS2353: Object literal may only specify known properties, and 'tool' does not exist in type '(prevState: null) => null'.
src/components/DrawingCanvasComponent.tsx(256,19): error TS2698: Spread types may only be created from object types.
src/components/DrawingCanvasComponent.tsx(258,19): error TS2698: Spread types may only be created from object types.
src/components/DrawingCanvasComponent.tsx(297,7): error TS18047: 'ctx' is possibly 'null'.
src/components/DrawingCanvasComponent.tsx(299,7): error TS18047: 'ctx' is possibly 'null'.
src/components/DrawingCanvasComponent.tsx(300,7): error TS18047: 'ctx' is possibly 'null'.
src/components/DrawingCanvasComponent.tsx(306,7): error TS18047: 'ctx' is possibly 'null'.
src/components/FileViewerPanelComponent.tsx(287,81): error TS2304: Cannot find name 'error'.
src/components/FileViewerPanelComponent.tsx(293,109): error TS2304: Cannot find name 'error'.
src/components/FileViewerPanelComponent.tsx(509,11): error TS7034: Variable 'injected' implicitly has type 'any[]' in some locations where its type cannot be determined.
src/components/FileViewerPanelComponent.tsx(523,25): error TS7005: Variable 'injected' implicitly has an 'any[]' type.
src/components/FileViewerPanelComponent.tsx(684,15): error TS2769: No overload matches this call.
  Overload 1 of 2, '(props: SyntaxHighlighterProps): SyntaxHighlighter', gave the following error.
    Type '(lineNumber: any) => { style: { display: string; backgroundColor: string | undefined; borderLeft: string; position: string; }; "data-line-number": any; className: string; }' is not assignable to type 'lineTagPropsFunction | HTMLProps<HTMLElement> | undefined'.
      Type '(lineNumber: any) => { style: { display: string; backgroundColor: string | undefined; borderLeft: string; position: string; }; "data-line-number": any; className: string; }' is not assignable to type 'lineTagPropsFunction'.
        Call signature return types '{ style: { display: string; backgroundColor: string | undefined; borderLeft: string; position: string; }; "data-line-number": any; className: string; }' and 'HTMLProps<HTMLElement>' are incompatible.
          The types of 'style.position' are incompatible between these types.
            Type 'string' is not assignable to type 'Position | undefined'.
  Overload 2 of 2, '(props: SyntaxHighlighterProps, context: any): SyntaxHighlighter', gave the following error.
    Type '(lineNumber: any) => { style: { display: string; backgroundColor: string | undefined; borderLeft: string; position: string; }; "data-line-number": any; className: string; }' is not assignable to type 'lineTagPropsFunction | HTMLProps<HTMLElement> | undefined'.
      Type '(lineNumber: any) => { style: { display: string; backgroundColor: string | undefined; borderLeft: string; position: string; }; "data-line-number": any; className: string; }' is not assignable to type 'lineTagPropsFunction'.
        Call signature return types '{ style: { display: string; backgroundColor: string | undefined; borderLeft: string; position: string; }; "data-line-number": any; className: string; }' and 'HTMLProps<HTMLElement>' are incompatible.
          The types of 'style.position' are incompatible between these types.
            Type 'string' is not assignable to type 'Position | undefined'.
src/components/FilterDropdownComponent.tsx(134,30): error TS2554: Expected 2 arguments, but got 1.
src/components/FilterDropdownComponent.tsx(166,42): error TS2554: Expected 2 arguments, but got 1.
src/components/FilterDropdownComponent.tsx(179,38): error TS2554: Expected 2 arguments, but got 1.
src/components/FilterDropdownComponent.tsx(210,44): error TS2554: Expected 2 arguments, but got 1.
src/components/FilterDropdownComponent.tsx(261,25): error TS2322: Type '{ "--badge-color": any; "--badge-bg": string; "--badge-border": string; } | undefined' is not assignable to type 'CSSProperties | undefined'.
  Object literal may only specify known properties, and '"--badge-color"' does not exist in type 'Properties<string | number, string & {}>'.
src/components/HistoryItemComponent.tsx(69,24): error TS2554: Expected 2 arguments, but got 1.
src/components/HistoryPanelComponent.tsx(79,22): error TS2345: Argument of type 'string' is not assignable to parameter of type 'SetStateAction<null>'.
src/components/HistoryPanelComponent.tsx(82,24): error TS2345: Argument of type 'string' is not assignable to parameter of type 'SetStateAction<null>'.
src/components/ImagePreviewComponent.tsx(129,22): error TS2345: Argument of type '{ color: string; width: number; eraser: boolean; points: { x: number; y: number; }[]; }' is not assignable to parameter of type 'SetStateAction<null>'.
  Type '{ color: string; width: number; eraser: boolean; points: { x: number; y: number; }[]; }' provides no match for the signature '(prevState: null): null'.
src/components/ImagePreviewComponent.tsx(138,7): error TS2698: Spread types may only be created from object types.
src/components/ImagePreviewComponent.tsx(180,5): error TS18047: 'ctx' is possibly 'null'.
src/components/ImagePreviewComponent.tsx(187,7): error TS18047: 'ctx' is possibly 'null'.
src/components/ImagePreviewComponent.tsx(188,7): error TS18047: 'ctx' is possibly 'null'.
src/components/ImagePreviewComponent.tsx(189,7): error TS18047: 'ctx' is possibly 'null'.
src/components/ImagePreviewComponent.tsx(190,7): error TS18047: 'ctx' is possibly 'null'.
src/components/ImagePreviewComponent.tsx(196,9): error TS18047: 'ctx' is possibly 'null'.
src/components/ImagePreviewComponent.tsx(200,7): error TS18047: 'ctx' is possibly 'null'.
src/components/ImagePreviewComponent.tsx(201,7): error TS18047: 'ctx' is possibly 'null'.
src/components/ImagePreviewComponent.tsx(202,7): error TS18047: 'ctx' is possibly 'null'.
src/components/ImagePreviewComponent.tsx(204,9): error TS18047: 'ctx' is possibly 'null'.
src/components/ImagePreviewComponent.tsx(206,7): error TS18047: 'ctx' is possibly 'null'.
src/components/ImagePreviewComponent.tsx(207,7): error TS18047: 'ctx' is possibly 'null'.
src/components/MCPServersPanelComponent.tsx(35,7): error TS2353: Object literal may only specify known properties, and 'name' does not exist in type '(prevState: null) => null'.
src/components/MCPServersPanelComponent.tsx(62,10): error TS18047: 'editingServer' is possibly 'null'.
src/components/MCPServersPanelComponent.tsx(67,9): error TS2698: Spread types may only be created from object types.
src/components/MCPServersPanelComponent.tsx(70,18): error TS18047: 'editingServer' is possibly 'null'.
src/components/MCPServersPanelComponent.tsx(71,15): error TS18047: 'editingServer' is possibly 'null'.
src/components/MCPServersPanelComponent.tsx(75,15): error TS18047: 'editingServer' is possibly 'null'.
src/components/MCPServersPanelComponent.tsx(83,11): error TS18047: 'editingServer' is possibly 'null'.
src/components/MCPServersPanelComponent.tsx(83,31): error TS18047: 'editingServer' is possibly 'null'.
src/components/MCPServersPanelComponent.tsx(109,55): error TS2304: Cannot find name 'err'.
src/components/MCPServersPanelComponent.tsx(126,18): error TS2345: Argument of type 'string' is not assignable to parameter of type 'SetStateAction<null>'.
src/components/MCPServersPanelComponent.tsx(142,45): error TS2304: Cannot find name 'err'.
src/components/MediaPageComponent.tsx(148,46): error TS2304: Cannot find name 'err'.
src/components/MediaPageComponent.tsx(186,20): error TS2554: Expected 3 arguments, but got 2.
src/components/MemoriesPanelComponent.tsx(106,49): error TS2304: Cannot find name 'err'.
src/components/MemoriesPanelComponent.tsx(119,62): error TS2304: Cannot find name 'err'.
src/components/MemoriesPanelComponent.tsx(146,18): error TS2353: Object literal may only specify known properties, and 'type' does not exist in type '(prevState: null) => null'.
src/components/MemoriesPanelComponent.tsx(150,18): error TS2353: Object literal may only specify known properties, and 'type' does not exist in type '(prevState: null) => null'.
src/components/MemoriesPanelComponent.tsx(163,49): error TS2304: Cannot find name 'err'.
src/components/MemoriesPanelComponent.tsx(178,20): error TS2353: Object literal may only specify known properties, and 'type' does not exist in type '(prevState: null) => null'.
src/components/MemoriesPanelComponent.tsx(180,20): error TS2353: Object literal may only specify known properties, and 'type' does not exist in type '(prevState: null) => null'.
src/components/MemoriesPanelComponent.tsx(185,20): error TS2353: Object literal may only specify known properties, and 'type' does not exist in type '(prevState: null) => null'.
src/components/MemoriesPanelComponent.tsx(188,18): error TS2353: Object literal may only specify known properties, and 'type' does not exist in type '(prevState: null) => null'.
src/components/MessageListComponent.tsx(115,65): error TS2345: Argument of type 'string | undefined' is not assignable to parameter of type 'string'.
  Type 'undefined' is not assignable to type 'string'.
src/components/MessageListComponent.tsx(117,50): error TS2345: Argument of type 'string | undefined' is not assignable to parameter of type 'string'.
  Type 'undefined' is not assignable to type 'string'.
src/components/MessageListComponent.tsx(118,42): error TS2345: Argument of type 'string | undefined' is not assignable to parameter of type 'string'.
  Type 'undefined' is not assignable to type 'string'.
src/components/ModelPickerPopoverComponent.tsx(30,32): error TS18046: 'fn' is of type 'unknown'.
src/components/ModelPickerPopoverComponent.tsx(147,21): error TS2345: Argument of type 'Map<any, any>' is not assignable to parameter of type 'SetStateAction<null>'.
  Type 'Map<any, any>' provides no match for the signature '(prevState: null): null'.
src/components/ModelPickerPopoverComponent.tsx(381,9): error TS7034: Variable 'ro' implicitly has type 'any' in some locations where its type cannot be determined.
src/components/ModelPickerPopoverComponent.tsx(390,7): error TS7005: Variable 'ro' implicitly has an 'any' type.
src/components/ModelPickerPopoverComponent.tsx(538,17): error TS2322: Type 'string | ((value: any) => void)' is not assignable to type 'string | number | readonly string[] | undefined'.
  Type '(value: any) => void' is not assignable to type 'string | number | readonly string[] | undefined'.
src/components/ModelPickerPopoverComponent.tsx(540,19): error TS2349: This expression is not callable.
  Not all constituents of type 'string | ((value: any) => void)' are callable.
    Type 'string' has no call signatures.
src/components/ModelPickerPopoverComponent.tsx(547,34): error TS2349: This expression is not callable.
  Not all constituents of type 'string | ((value: any) => void)' are callable.
    Type 'string' has no call signatures.
src/components/ModelPickerPopoverComponent.tsx(601,23): error TS18046: 'models' is of type 'unknown'.
src/components/ModelsPageComponent.tsx(36,23): error TS18046: 'models' is of type 'unknown'.
src/components/ModelsPageComponent.tsx(249,27): error TS2353: Object literal may only specify known properties, and 'id' does not exist in type '(prevState: null) => null'.
src/components/ModelsPageComponent.tsx(264,27): error TS2353: Object literal may only specify known properties, and 'id' does not exist in type '(prevState: null) => null'.
src/components/ModelsTableComponent.tsx(229,34): error TS2345: Argument of type 'string' is not assignable to parameter of type 'never'.
src/components/ModelsTableComponent.tsx(262,5): error TS2554: Expected 2 arguments, but got 1.
src/components/NavigationSidebarComponent.tsx(254,9): error TS7034: Variable 'rafId' implicitly has type 'any' in some locations where its type cannot be determined.
src/components/NavigationSidebarComponent.tsx(423,39): error TS7005: Variable 'rafId' implicitly has an 'any' type.
src/components/ProjectsTableComponent.tsx(44,5): error TS2554: Expected 2 arguments, but got 1.
src/components/RainbowCanvasComponent.tsx(119,9): error TS7034: Variable 'ro' implicitly has type 'any' in some locations where its type cannot be determined.
src/components/RainbowCanvasComponent.tsx(129,7): error TS7005: Variable 'ro' implicitly has an 'any' type.
src/components/ResourceCardComponent.tsx(29,24): error TS2554: Expected 2 arguments, but got 1.
src/components/RunHistorySidebarComponent.tsx(273,38): error TS2554: Expected 2 arguments, but got 1.
src/components/SearchFilterComponent.tsx(162,21): error TS2322: Type '{ "--badge-color": any; "--badge-bg": string; "--badge-border": string; } | undefined' is not assignable to type 'CSSProperties | undefined'.
  Object literal may only specify known properties, and '"--badge-color"' does not exist in type 'Properties<string | number, string & {}>'.
src/components/SessionRequestsListComponent.tsx(72,31): error TS2362: The left-hand side of an arithmetic operation must be of type 'any', 'number', 'bigint' or an enum type.
src/components/SessionRequestsListComponent.tsx(72,55): error TS2363: The right-hand side of an arithmetic operation must be of type 'any', 'number', 'bigint' or an enum type.
src/components/SettingsPageComponent.tsx(88,18): error TS2554: Expected 1 arguments, but got 0.
src/components/SettingsPageComponent.tsx(117,51): error TS2304: Cannot find name 'err'.
src/components/SettingsPageComponent.tsx(221,27): error TS2353: Object literal may only specify known properties, and 'valid' does not exist in type '(prevState: null) => null'.
src/components/SettingsPageComponent.tsx(244,49): error TS2304: Cannot find name 'err'.
src/components/SettingsPageComponent.tsx(245,25): error TS2353: Object literal may only specify known properties, and 'valid' does not exist in type '(prevState: null) => null'.
src/components/SettingsPageComponent.tsx(262,52): error TS2304: Cannot find name 'err'.
src/components/SettingsPageComponent.tsx(279,54): error TS2304: Cannot find name 'err'.
src/components/SettingsPageComponent.tsx(526,47): error TS2345: Argument of type '"docker" | null' is not assignable to parameter of type 'SetStateAction<null>'.
  Type '"docker"' is not assignable to type 'SetStateAction<null>'.
src/components/SettingsPageComponent.tsx(549,42): error TS2345: Argument of type '"docker-1"' is not assignable to parameter of type 'SetStateAction<null>'.
src/components/SettingsPageComponent.tsx(570,42): error TS2345: Argument of type '"docker-2"' is not assignable to parameter of type 'SetStateAction<null>'.
src/components/SettingsPageComponent.tsx(592,42): error TS2345: Argument of type '"docker-3"' is not assignable to parameter of type 'SetStateAction<null>'.
src/components/SettingsPageComponent.tsx(617,42): error TS2345: Argument of type '"docker-4"' is not assignable to parameter of type 'SetStateAction<null>'.
src/components/SettingsPageComponent.tsx(649,47): error TS2345: Argument of type '"local" | null' is not assignable to parameter of type 'SetStateAction<null>'.
  Type '"local"' is not assignable to type 'SetStateAction<null>'.
src/components/SettingsPageComponent.tsx(672,42): error TS2345: Argument of type '"local-1"' is not assignable to parameter of type 'SetStateAction<null>'.
src/components/SettingsPageComponent.tsx(693,42): error TS2345: Argument of type '"local-2"' is not assignable to parameter of type 'SetStateAction<null>'.
src/components/SettingsPageComponent.tsx(708,42): error TS2345: Argument of type '"local-2b"' is not assignable to parameter of type 'SetStateAction<null>'.
src/components/SettingsPageComponent.tsx(729,42): error TS2345: Argument of type '"local-3"' is not assignable to parameter of type 'SetStateAction<null>'.
src/components/SidebarFilterComponent.tsx(435,27): error TS2322: Type '{ "--badge-color": any; "--badge-bg": string; "--badge-border": string; } | undefined' is not assignable to type 'CSSProperties | undefined'.
  Object literal may only specify known properties, and '"--badge-color"' does not exist in type 'Properties<string | number, string & {}>'.
src/components/SkillsPanelComponent.tsx(38,7): error TS2353: Object literal may only specify known properties, and 'name' does not exist in type '(prevState: null) => null'.
src/components/SkillsPanelComponent.tsx(57,10): error TS18047: 'editingSkill' is possibly 'null'.
src/components/SkillsPanelComponent.tsx(57,40): error TS18047: 'editingSkill' is possibly 'null'.
src/components/SkillsPanelComponent.tsx(61,9): error TS2698: Spread types may only be created from object types.
src/components/SkillsPanelComponent.tsx(69,11): error TS18047: 'editingSkill' is possibly 'null'.
src/components/SkillsPanelComponent.tsx(69,30): error TS18047: 'editingSkill' is possibly 'null'.
src/components/SkillsPanelComponent.tsx(78,46): error TS2304: Cannot find name 'err'.
src/components/SkillsPanelComponent.tsx(95,50): error TS2304: Cannot find name 'err'.
src/components/SkillsPanelComponent.tsx(113,55): error TS2304: Cannot find name 'err'.
src/components/SpinningCatComponent.tsx(124,69): error TS2304: Cannot find name 'err'.
src/components/SynthesisComponent.tsx(148,58): error TS2304: Cannot find name 'err'.
src/components/SynthesisComponent.tsx(204,7): error TS2698: Spread types may only be created from object types.
src/components/SynthesisComponent.tsx(376,77): error TS2353: Object literal may only specify known properties, and 'thinking' does not exist in type '{ role: any; content: any; }'.
src/components/SynthesisComponent.tsx(485,77): error TS2353: Object literal may only specify known properties, and 'thinking' does not exist in type '{ role: any; content: any; }'.
src/components/SynthesisComponent.tsx(514,58): error TS2304: Cannot find name 'err'.
src/components/SynthesisComponent.tsx(613,54): error TS2304: Cannot find name 'err'.
src/components/SynthesisComponent.tsx(632,56): error TS2304: Cannot find name 'err'.
src/components/SynthesisComponent.tsx(817,54): error TS2345: Argument of type 'string' is not assignable to parameter of type 'SetStateAction<number>'.
src/components/SynthesisComponent.tsx(1080,39): error TS2304: Cannot find name 'error'.
src/components/TasksPanelComponent.tsx(66,46): error TS2304: Cannot find name 'err'.
src/components/TasksPanelComponent.tsx(101,47): error TS2304: Cannot find name 'err'.
src/components/TasksPanelComponent.tsx(125,17): error TS2554: Expected 0 arguments, but got 1.
src/components/TasksPanelComponent.tsx(127,47): error TS2304: Cannot find name 'err'.
src/components/TasksPanelComponent.tsx(140,17): error TS2554: Expected 0 arguments, but got 1.
src/components/TasksPanelComponent.tsx(142,47): error TS2304: Cannot find name 'err'.
src/components/TextPageComponent.tsx(68,45): error TS2304: Cannot find name 'err'.
src/components/TextPageComponent.tsx(95,20): error TS2554: Expected 3 arguments, but got 2.
src/components/ToolCardComponent.tsx(39,16): error TS2353: Object literal may only specify known properties, and '"--tool-color"' does not exist in type 'Properties<string | number, string & {}>'.
src/components/ToolCountBadgeComponent.tsx(26,26): error TS2322: Type '{ "--tool-badge-accent": any; } | undefined' is not assignable to type 'CSSProperties | undefined'.
  Object literal may only specify known properties, and '"--tool-badge-accent"' does not exist in type 'Properties<string | number, string & {}>'.
src/components/ToolResultRenderersComponent.tsx(718,85): error TS2538: Type 'null' cannot be used as an index type.
src/components/ToolsPageComponent.tsx(262,28): error TS2353: Object literal may only specify known properties, and '"--agent-color"' does not exist in type 'Properties<string | number, string & {}>'.
src/components/ToolsPageComponent.tsx(479,26): error TS2353: Object literal may only specify known properties, and '"--agent-color"' does not exist in type 'Properties<string | number, string & {}>'.
src/components/ToolsPageComponent.tsx(514,22): error TS2353: Object literal may only specify known properties, and '"--agent-color"' does not exist in type 'Properties<string | number, string & {}>'.
src/components/ToolsPageComponent.tsx(560,22): error TS2554: Expected 1 arguments, but got 0.
src/components/UserQuestionCardComponent.tsx(53,24): error TS18047: 'selected' is possibly 'null'.
src/components/UserQuestionCardComponent.tsx(91,19): error TS18047: 'selected' is possibly 'null'.
src/components/UserQuestionCardComponent.tsx(91,37): error TS2345: Argument of type 'any' is not assignable to parameter of type 'never'.
src/components/UserQuestionCardComponent.tsx(149,73): error TS18047: 'selected' is possibly 'null'.
src/components/VisionPageComponent.tsx(94,24): error TS2698: Spread types may only be created from object types.
src/components/VisionPageComponent.tsx(99,28): error TS18046: 'models' is of type 'unknown'.
src/components/VisionPageComponent.tsx(151,51): error TS2304: Cannot find name 'error'.
src/components/VisionPageComponent.tsx(158,21): error TS2345: Argument of type 'string' is not assignable to parameter of type 'SetStateAction<null>'.
src/components/VisionPageComponent.tsx(171,38): error TS2304: Cannot find name 'err'.
src/components/VisionPageComponent.tsx(181,18): error TS2353: Object literal may only specify known properties, and 'cursor' does not exist in type 'MediaTrackConstraints'.
src/components/VisionPageComponent.tsx(197,46): error TS2304: Cannot find name 'err'.
src/components/VisionPageComponent.tsx(240,21): error TS2345: Argument of type 'string' is not assignable to parameter of type 'SetStateAction<null>'.
src/components/VisionPageComponent.tsx(330,47): error TS2304: Cannot find name 'error'.
src/components/VramBenchmarkComponent.tsx(689,20): error TS18046: 'd' is of type 'unknown'.
src/components/VramBenchmarkComponent.tsx(690,38): error TS18046: 'd' is of type 'unknown'.
src/components/VramBenchmarkComponent.tsx(794,7): error TS2571: Object is of type 'unknown'.
src/components/VramBenchmarkComponent.tsx(1202,20): error TS18046: 'm' is of type 'unknown'.
src/components/VramBenchmarkComponent.tsx(1202,38): error TS18046: 'm' is of type 'unknown'.
src/components/VramBenchmarkComponent.tsx(1202,75): error TS18046: 'm' is of type 'unknown'.
src/components/VramBenchmarkComponent.tsx(1237,21): error TS18046: 'm' is of type 'unknown'.
src/components/VramBenchmarkComponent.tsx(1286,37): error TS18046: 'm' is of type 'unknown'.
src/components/VramBenchmarkComponent.tsx(1286,76): error TS18046: 'm' is of type 'unknown'.
src/components/VramBenchmarkComponent.tsx(1287,32): error TS18046: 'm' is of type 'unknown'.
src/components/VramBenchmarkComponent.tsx(1291,13): error TS18046: 'points' is of type 'unknown'.
src/components/VramBenchmarkComponent.tsx(1292,9): error TS18046: 'points' is of type 'unknown'.
src/components/VramBenchmarkComponent.tsx(1296,17): error TS18046: 'points' is of type 'unknown'.
src/components/VramBenchmarkComponent.tsx(1299,11): error TS2353: Object literal may only specify known properties, and 'borderDash' does not exist in type '{ type: string; label: any; data: any; backgroundColor: any; borderColor: any; borderWidth: any; hoverBorderWidth: number; hoverBorderColor: string; order: number; }'.
src/components/VramBenchmarkComponent.tsx(1339,19): error TS18046: 'm' is of type 'unknown'.
src/components/VramBenchmarkComponent.tsx(1413,15): error TS2322: Type '{ text: string; display: boolean; font: { family: string; weight: string; size: number; }; color: string; padding: { top: number; }; }' is not assignable to type '_DeepPartialObject<{ display: boolean; align: Align; text: string | string[]; color: Color; font: ScriptableAndScriptableOptions<Partial<FontSpec>, ScriptableCartesianScaleContext>; padding: number | { ...; }; }>'.
  Types of property 'font' are incompatible.
    Type '{ family: string; weight: string; size: number; }' is not assignable to type '((ctx: ScriptableCartesianScaleContext, options: AnyObject) => Partial<FontSpec> | undefined) | _DeepPartialObject<Partial<FontSpec>> | _DeepPartialObject<...> | undefined'.
      Type '{ family: string; weight: string; size: number; }' is not assignable to type '_DeepPartialObject<ScriptableOptions<Partial<FontSpec>, ScriptableCartesianScaleContext>>'.
        Types of property 'weight' are incompatible.
          Type 'string' is not assignable to type 'number | "bold" | "normal" | "bolder" | "lighter" | ((ctx: ScriptableCartesianScaleContext, options: AnyObject) => number | "bold" | ... 4 more ... | undefined) | null | undefined'.
src/components/VramBenchmarkComponent.tsx(1415,15): error TS2322: Type '{ font: { family: string; size: number; weight: string; }; color: string; padding: number; }' is not assignable to type '_DeepPartialObject<TickOptions & { sampleSize: number; align: Align | "inner"; autoSkip: boolean; autoSkipPadding: number; crossAlign: "center" | "near" | "far"; includeBounds: boolean; ... 5 more ...; maxTicksLimit: number; } & TimeScaleTickOptions>'.
  Types of property 'font' are incompatible.
    Type '{ family: string; size: number; weight: string; }' is not assignable to type '_DeepPartialObject<Partial<FontSpec>> | ((ctx: ScriptableScaleContext, options: AnyObject) => Partial<...> | undefined) | _DeepPartialObject<...> | undefined'.
      Type '{ family: string; size: number; weight: string; }' is not assignable to type '_DeepPartialObject<ScriptableOptions<Partial<FontSpec>, ScriptableScaleContext>>'.
        Types of property 'weight' are incompatible.
          Type 'string' is not assignable to type 'number | "bold" | "normal" | "bolder" | "lighter" | ((ctx: ScriptableScaleContext, options: AnyObject) => number | "bold" | "normal" | "bolder" | "lighter" | null | undefined) | null | undefined'.
src/components/VramBenchmarkComponent.tsx(1420,15): error TS2322: Type '{ text: string; display: boolean; font: { family: string; weight: string; size: number; }; color: string; padding: { top: number; }; }' is not assignable to type '_DeepPartialObject<{ display: boolean; align: Align; text: string | string[]; color: Color; font: ScriptableAndScriptableOptions<Partial<FontSpec>, ScriptableCartesianScaleContext>; padding: number | { ...; }; }>'.
  Types of property 'font' are incompatible.
    Type '{ family: string; weight: string; size: number; }' is not assignable to type '((ctx: ScriptableCartesianScaleContext, options: AnyObject) => Partial<FontSpec> | undefined) | _DeepPartialObject<Partial<FontSpec>> | _DeepPartialObject<...> | undefined'.
      Type '{ family: string; weight: string; size: number; }' is not assignable to type '_DeepPartialObject<ScriptableOptions<Partial<FontSpec>, ScriptableCartesianScaleContext>>'.
        Types of property 'weight' are incompatible.
          Type 'string' is not assignable to type 'number | "bold" | "normal" | "bolder" | "lighter" | ((ctx: ScriptableCartesianScaleContext, options: AnyObject) => number | "bold" | ... 4 more ... | undefined) | null | undefined'.
src/components/VramBenchmarkComponent.tsx(1422,15): error TS2322: Type '{ callback: (v: any) => any; font: { family: string; size: number; weight: string; }; color: string; padding: number; }' is not assignable to type '_DeepPartialObject<TickOptions & { sampleSize: number; align: Align | "inner"; autoSkip: boolean; autoSkipPadding: number; crossAlign: "center" | "near" | "far"; includeBounds: boolean; ... 5 more ...; maxTicksLimit: number; } & TimeScaleTickOptions>'.
  Types of property 'font' are incompatible.
    Type '{ family: string; size: number; weight: string; }' is not assignable to type '_DeepPartialObject<Partial<FontSpec>> | ((ctx: ScriptableScaleContext, options: AnyObject) => Partial<...> | undefined) | _DeepPartialObject<...> | undefined'.
      Type '{ family: string; size: number; weight: string; }' is not assignable to type '_DeepPartialObject<ScriptableOptions<Partial<FontSpec>, ScriptableScaleContext>>'.
        Types of property 'weight' are incompatible.
          Type 'string' is not assignable to type 'number | "bold" | "normal" | "bolder" | "lighter" | ((ctx: ScriptableScaleContext, options: AnyObject) => number | "bold" | "normal" | "bolder" | "lighter" | null | undefined) | null | undefined'.
src/components/VramBenchmarkComponent.tsx(1429,15): error TS2322: Type '{ filter: (item: any) => boolean; usePointStyle: boolean; pointStyle: string; padding: number; font: { family: string; size: number; weight: string; }; color: string; boxWidth: number; boxHeight: number; }' is not assignable to type '_DeepPartialObject<{ boxWidth: number; boxHeight: number; color: Color; font: ScriptableAndScriptableOptions<Partial<FontSpec>, ScriptableChartContext>; ... 9 more ...; borderRadius: number; }>'.
  Types of property 'font' are incompatible.
    Type '{ family: string; size: number; weight: string; }' is not assignable to type '((ctx: ScriptableChartContext, options: AnyObject) => Partial<FontSpec> | undefined) | _DeepPartialObject<Partial<FontSpec>> | _DeepPartialObject<...> | undefined'.
      Type '{ family: string; size: number; weight: string; }' is not assignable to type '_DeepPartialObject<ScriptableOptions<Partial<FontSpec>, ScriptableChartContext>>'.
        Types of property 'weight' are incompatible.
          Type 'string' is not assignable to type 'number | "bold" | "normal" | "bolder" | "lighter" | ((ctx: ScriptableChartContext, options: AnyObject) => number | "bold" | "normal" | "bolder" | "lighter" | null | undefined) | null | undefined'.
src/components/VramBenchmarkComponent.tsx(1434,13): error TS2322: Type '{ filter: (item: any) => boolean; callbacks: { title: (items: any) => any; label: (item: any) => string[]; }; backgroundColor: string; titleColor: string; bodyColor: string; borderColor: string; ... 6 more ...; boxPadding: number; }' is not assignable to type '_DeepPartialObject<TooltipOptions<"bubble">>'.
  Types of property 'titleFont' are incompatible.
    Type '{ family: string; weight: string; size: number; }' is not assignable to type '_DeepPartialObject<Partial<FontSpec>> | ((ctx: ScriptableTooltipContext<"bubble">, options: AnyObject) => Partial<...> | undefined) | _DeepPartialObject<...> | undefined'.
      Type '{ family: string; weight: string; size: number; }' is not assignable to type '_DeepPartialObject<ScriptableOptions<Partial<FontSpec>, ScriptableTooltipContext<"bubble">>>'.
        Types of property 'weight' are incompatible.
          Type 'string' is not assignable to type 'number | "bold" | "normal" | "bolder" | "lighter" | ((ctx: ScriptableTooltipContext<"bubble">, options: AnyObject) => number | "bold" | ... 4 more ... | undefined) | null | undefined'.
src/components/VramBenchmarkComponent.tsx(1594,41): error TS18046: 'm' is of type 'unknown'.
src/components/VramBenchmarkComponent.tsx(1623,13): error TS2322: Type '{ x: any; y: any; entry: any; }[]' is not assignable to type 'any[][]'.
  Type '{ x: any; y: any; entry: any; }' is missing the following properties from type 'any[]': length, pop, push, concat, and 35 more.
src/components/VramBenchmarkComponent.tsx(1661,13): error TS2322: Type '{ text: string; display: boolean; font: { family: string; weight: string; size: number; }; color: string; padding: { top: number; }; }' is not assignable to type '_DeepPartialObject<{ display: boolean; align: Align; text: string | string[]; color: Color; font: ScriptableAndScriptableOptions<Partial<FontSpec>, ScriptableCartesianScaleContext>; padding: number | { ...; }; }>'.
  Types of property 'font' are incompatible.
    Type '{ family: string; weight: string; size: number; }' is not assignable to type '((ctx: ScriptableCartesianScaleContext, options: AnyObject) => Partial<FontSpec> | undefined) | _DeepPartialObject<Partial<FontSpec>> | _DeepPartialObject<...> | undefined'.
      Type '{ family: string; weight: string; size: number; }' is not assignable to type '_DeepPartialObject<ScriptableOptions<Partial<FontSpec>, ScriptableCartesianScaleContext>>'.
        Types of property 'weight' are incompatible.
          Type 'string' is not assignable to type 'number | "bold" | "normal" | "bolder" | "lighter" | ((ctx: ScriptableCartesianScaleContext, options: AnyObject) => number | "bold" | ... 4 more ... | undefined) | null | undefined'.
src/components/VramBenchmarkComponent.tsx(1663,13): error TS2322: Type '{ font: { family: string; size: number; weight: string; }; color: string; padding: number; }' is not assignable to type '_DeepPartialObject<TickOptions & { sampleSize: number; align: Align | "inner"; autoSkip: boolean; autoSkipPadding: number; crossAlign: "center" | "near" | "far"; includeBounds: boolean; ... 5 more ...; maxTicksLimit: number; } & TimeScaleTickOptions>'.
  Types of property 'font' are incompatible.
    Type '{ family: string; size: number; weight: string; }' is not assignable to type '_DeepPartialObject<Partial<FontSpec>> | ((ctx: ScriptableScaleContext, options: AnyObject) => Partial<...> | undefined) | _DeepPartialObject<...> | undefined'.
      Type '{ family: string; size: number; weight: string; }' is not assignable to type '_DeepPartialObject<ScriptableOptions<Partial<FontSpec>, ScriptableScaleContext>>'.
        Types of property 'weight' are incompatible.
          Type 'string' is not assignable to type 'number | "bold" | "normal" | "bolder" | "lighter" | ((ctx: ScriptableScaleContext, options: AnyObject) => number | "bold" | "normal" | "bolder" | "lighter" | null | undefined) | null | undefined'.
src/components/VramBenchmarkComponent.tsx(1668,54): error TS2353: Object literal may only specify known properties, and 'drawBorder' does not exist in type '_DeepPartialObject<Partial<GridLineOptions>>'.
src/components/VramBenchmarkComponent.tsx(1669,13): error TS2322: Type '{ padding: number; font: { family: string; size: number; weight: string; }; color: string; }' is not assignable to type '_DeepPartialObject<TickOptions & { sampleSize: number; align: Align | "inner"; autoSkip: boolean; autoSkipPadding: number; crossAlign: "center" | "near" | "far"; includeBounds: boolean; ... 5 more ...; maxTicksLimit: number; } & TimeScaleTickOptions>'.
  Types of property 'font' are incompatible.
    Type '{ family: string; size: number; weight: string; }' is not assignable to type '_DeepPartialObject<Partial<FontSpec>> | ((ctx: ScriptableScaleContext, options: AnyObject) => Partial<...> | undefined) | _DeepPartialObject<...> | undefined'.
      Type '{ family: string; size: number; weight: string; }' is not assignable to type '_DeepPartialObject<ScriptableOptions<Partial<FontSpec>, ScriptableScaleContext>>'.
        Types of property 'weight' are incompatible.
          Type 'string' is not assignable to type 'number | "bold" | "normal" | "bolder" | "lighter" | ((ctx: ScriptableScaleContext, options: AnyObject) => number | "bold" | "normal" | "bolder" | "lighter" | null | undefined) | null | undefined'.
src/components/VramBenchmarkComponent.tsx(1679,11): error TS2322: Type '{ callbacks: { title: (items: any) => any; afterTitle: (items: any) => string; label: (item: any) => string; afterBody: (items: any) => string[] | ""; }; backgroundColor: string; titleColor: string; ... 8 more ...; boxPadding: number; }' is not assignable to type '_DeepPartialObject<TooltipOptions<"bar" | "scatter">>'.
  Types of property 'titleFont' are incompatible.
    Type '{ family: string; weight: string; size: number; }' is not assignable to type '_DeepPartialObject<Partial<FontSpec>> | ((ctx: ScriptableTooltipContext<"bar" | "scatter">, options: AnyObject) => Partial<...> | undefined) | _DeepPartialObject<...> | undefined'.
      Type '{ family: string; weight: string; size: number; }' is not assignable to type '_DeepPartialObject<ScriptableOptions<Partial<FontSpec>, ScriptableTooltipContext<"bar" | "scatter">>>'.
        Types of property 'weight' are incompatible.
          Type 'string' is not assignable to type 'number | "bold" | "normal" | "bolder" | "lighter" | ((ctx: ScriptableTooltipContext<"bar" | "scatter">, options: AnyObject) => number | ... 5 more ... | undefined) | null | undefined'.
src/components/VramBenchmarkComponent.tsx(1711,51): error TS18046: 'm' is of type 'unknown'.
src/components/VramBenchmarkComponent.tsx(1715,38): error TS18046: 'm' is of type 'unknown'.
src/components/VramBenchmarkComponent.tsx(1812,40): error TS18046: 'm' is of type 'unknown'.
src/components/VramBenchmarkComponent.tsx(1839,13): error TS2322: Type '{ x: any; y: any; entry: any; }[]' is not assignable to type 'any[][]'.
  Type '{ x: any; y: any; entry: any; }' is missing the following properties from type 'any[]': length, pop, push, concat, and 35 more.
src/components/VramBenchmarkComponent.tsx(1877,13): error TS2322: Type '{ text: string; display: boolean; font: { family: string; weight: string; size: number; }; color: string; padding: { top: number; }; }' is not assignable to type '_DeepPartialObject<{ display: boolean; align: Align; text: string | string[]; color: Color; font: ScriptableAndScriptableOptions<Partial<FontSpec>, ScriptableCartesianScaleContext>; padding: number | { ...; }; }>'.
  Types of property 'font' are incompatible.
    Type '{ family: string; weight: string; size: number; }' is not assignable to type '((ctx: ScriptableCartesianScaleContext, options: AnyObject) => Partial<FontSpec> | undefined) | _DeepPartialObject<Partial<FontSpec>> | _DeepPartialObject<...> | undefined'.
      Type '{ family: string; weight: string; size: number; }' is not assignable to type '_DeepPartialObject<ScriptableOptions<Partial<FontSpec>, ScriptableCartesianScaleContext>>'.
        Types of property 'weight' are incompatible.
          Type 'string' is not assignable to type 'number | "bold" | "normal" | "bolder" | "lighter" | ((ctx: ScriptableCartesianScaleContext, options: AnyObject) => number | "bold" | ... 4 more ... | undefined) | null | undefined'.
src/components/VramBenchmarkComponent.tsx(1879,13): error TS2322: Type '{ font: { family: string; size: number; weight: string; }; color: string; padding: number; }' is not assignable to type '_DeepPartialObject<TickOptions & { sampleSize: number; align: Align | "inner"; autoSkip: boolean; autoSkipPadding: number; crossAlign: "center" | "near" | "far"; includeBounds: boolean; ... 5 more ...; maxTicksLimit: number; } & TimeScaleTickOptions>'.
  Types of property 'font' are incompatible.
    Type '{ family: string; size: number; weight: string; }' is not assignable to type '_DeepPartialObject<Partial<FontSpec>> | ((ctx: ScriptableScaleContext, options: AnyObject) => Partial<...> | undefined) | _DeepPartialObject<...> | undefined'.
      Type '{ family: string; size: number; weight: string; }' is not assignable to type '_DeepPartialObject<ScriptableOptions<Partial<FontSpec>, ScriptableScaleContext>>'.
        Types of property 'weight' are incompatible.
          Type 'string' is not assignable to type 'number | "bold" | "normal" | "bolder" | "lighter" | ((ctx: ScriptableScaleContext, options: AnyObject) => number | "bold" | "normal" | "bolder" | "lighter" | null | undefined) | null | undefined'.
src/components/VramBenchmarkComponent.tsx(1884,54): error TS2353: Object literal may only specify known properties, and 'drawBorder' does not exist in type '_DeepPartialObject<Partial<GridLineOptions>>'.
src/components/VramBenchmarkComponent.tsx(1885,13): error TS2322: Type '{ padding: number; font: { family: string; size: number; weight: string; }; color: string; }' is not assignable to type '_DeepPartialObject<TickOptions & { sampleSize: number; align: Align | "inner"; autoSkip: boolean; autoSkipPadding: number; crossAlign: "center" | "near" | "far"; includeBounds: boolean; ... 5 more ...; maxTicksLimit: number; } & TimeScaleTickOptions>'.
  Types of property 'font' are incompatible.
    Type '{ family: string; size: number; weight: string; }' is not assignable to type '_DeepPartialObject<Partial<FontSpec>> | ((ctx: ScriptableScaleContext, options: AnyObject) => Partial<...> | undefined) | _DeepPartialObject<...> | undefined'.
      Type '{ family: string; size: number; weight: string; }' is not assignable to type '_DeepPartialObject<ScriptableOptions<Partial<FontSpec>, ScriptableScaleContext>>'.
        Types of property 'weight' are incompatible.
          Type 'string' is not assignable to type 'number | "bold" | "normal" | "bolder" | "lighter" | ((ctx: ScriptableScaleContext, options: AnyObject) => number | "bold" | "normal" | "bolder" | "lighter" | null | undefined) | null | undefined'.
src/components/VramBenchmarkComponent.tsx(1895,11): error TS2322: Type '{ callbacks: { title: (items: any) => any; afterTitle: (items: any) => string; label: (item: any) => string; afterBody: (items: any) => string[] | ""; }; backgroundColor: string; titleColor: string; ... 8 more ...; boxPadding: number; }' is not assignable to type '_DeepPartialObject<TooltipOptions<"bar" | "scatter">>'.
  Types of property 'titleFont' are incompatible.
    Type '{ family: string; weight: string; size: number; }' is not assignable to type '_DeepPartialObject<Partial<FontSpec>> | ((ctx: ScriptableTooltipContext<"bar" | "scatter">, options: AnyObject) => Partial<...> | undefined) | _DeepPartialObject<...> | undefined'.
      Type '{ family: string; weight: string; size: number; }' is not assignable to type '_DeepPartialObject<ScriptableOptions<Partial<FontSpec>, ScriptableTooltipContext<"bar" | "scatter">>>'.
        Types of property 'weight' are incompatible.
          Type 'string' is not assignable to type 'number | "bold" | "normal" | "bolder" | "lighter" | ((ctx: ScriptableTooltipContext<"bar" | "scatter">, options: AnyObject) => number | ... 5 more ... | undefined) | null | undefined'.
src/components/VramBenchmarkComponent.tsx(1925,50): error TS18046: 'm' is of type 'unknown'.
src/components/VramBenchmarkComponent.tsx(1929,35): error TS18046: 'm' is of type 'unknown'.
src/components/VramBenchmarkComponent.tsx(1983,17): error TS18046: 'm' is of type 'unknown'.
src/components/VramBenchmarkComponent.tsx(1991,19): error TS18046: 'm' is of type 'unknown'.
src/components/VramBenchmarkComponent.tsx(1993,44): error TS18046: 'm' is of type 'unknown'.
src/components/VramBenchmarkComponent.tsx(1995,43): error TS18046: 'm' is of type 'unknown'.
src/components/VramBenchmarkComponent.tsx(1996,11): error TS18046: 'm' is of type 'unknown'.
src/components/VramBenchmarkComponent.tsx(1996,95): error TS18046: 'm' is of type 'unknown'.
src/components/VramBenchmarkComponent.tsx(1997,11): error TS18046: 'm' is of type 'unknown'.
src/components/VramBenchmarkComponent.tsx(1997,95): error TS18046: 'm' is of type 'unknown'.
src/components/VramBenchmarkComponent.tsx(2124,13): error TS2322: Type '{ padding: number; font: { family: string; size: number; weight: string; }; color: string; }' is not assignable to type '_DeepPartialObject<TickOptions & { sampleSize: number; align: Align | "inner"; autoSkip: boolean; autoSkipPadding: number; crossAlign: "center" | "near" | "far"; includeBounds: boolean; ... 5 more ...; maxTicksLimit: number; } & TimeScaleTickOptions>'.
  Types of property 'font' are incompatible.
    Type '{ family: string; size: number; weight: string; }' is not assignable to type '_DeepPartialObject<Partial<FontSpec>> | ((ctx: ScriptableScaleContext, options: AnyObject) => Partial<...> | undefined) | _DeepPartialObject<...> | undefined'.
      Type '{ family: string; size: number; weight: string; }' is not assignable to type '_DeepPartialObject<ScriptableOptions<Partial<FontSpec>, ScriptableScaleContext>>'.
        Types of property 'weight' are incompatible.
          Type 'string' is not assignable to type 'number | "bold" | "normal" | "bolder" | "lighter" | ((ctx: ScriptableScaleContext, options: AnyObject) => number | "bold" | "normal" | "bolder" | "lighter" | null | undefined) | null | undefined'.
src/components/VramBenchmarkComponent.tsx(2128,13): error TS2322: Type '{ text: string; display: boolean; font: { family: string; weight: string; size: number; }; color: string; padding: { top: number; }; }' is not assignable to type '_DeepPartialObject<{ display: boolean; align: Align; text: string | string[]; color: Color; font: ScriptableAndScriptableOptions<Partial<FontSpec>, ScriptableCartesianScaleContext>; padding: number | { ...; }; }>'.
  Types of property 'font' are incompatible.
    Type '{ family: string; weight: string; size: number; }' is not assignable to type '((ctx: ScriptableCartesianScaleContext, options: AnyObject) => Partial<FontSpec> | undefined) | _DeepPartialObject<Partial<FontSpec>> | _DeepPartialObject<...> | undefined'.
      Type '{ family: string; weight: string; size: number; }' is not assignable to type '_DeepPartialObject<ScriptableOptions<Partial<FontSpec>, ScriptableCartesianScaleContext>>'.
        Types of property 'weight' are incompatible.
          Type 'string' is not assignable to type 'number | "bold" | "normal" | "bolder" | "lighter" | ((ctx: ScriptableCartesianScaleContext, options: AnyObject) => number | "bold" | ... 4 more ... | undefined) | null | undefined'.
src/components/VramBenchmarkComponent.tsx(2130,13): error TS2322: Type '{ font: { family: string; size: number; weight: string; }; color: string; padding: number; }' is not assignable to type '_DeepPartialObject<TickOptions & { sampleSize: number; align: Align | "inner"; autoSkip: boolean; autoSkipPadding: number; crossAlign: "center" | "near" | "far"; includeBounds: boolean; ... 5 more ...; maxTicksLimit: number; } & TimeScaleTickOptions>'.
  Types of property 'font' are incompatible.
    Type '{ family: string; size: number; weight: string; }' is not assignable to type '_DeepPartialObject<Partial<FontSpec>> | ((ctx: ScriptableScaleContext, options: AnyObject) => Partial<...> | undefined) | _DeepPartialObject<...> | undefined'.
      Type '{ family: string; size: number; weight: string; }' is not assignable to type '_DeepPartialObject<ScriptableOptions<Partial<FontSpec>, ScriptableScaleContext>>'.
        Types of property 'weight' are incompatible.
          Type 'string' is not assignable to type 'number | "bold" | "normal" | "bolder" | "lighter" | ((ctx: ScriptableScaleContext, options: AnyObject) => number | "bold" | "normal" | "bolder" | "lighter" | null | undefined) | null | undefined'.
src/components/VramBenchmarkComponent.tsx(2134,13): error TS2322: Type '{ text: string; display: boolean; font: { family: string; weight: string; size: number; }; color: string; padding: { top: number; }; }' is not assignable to type '_DeepPartialObject<{ display: boolean; align: Align; text: string | string[]; color: Color; font: ScriptableAndScriptableOptions<Partial<FontSpec>, ScriptableCartesianScaleContext>; padding: number | { ...; }; }>'.
  Types of property 'font' are incompatible.
    Type '{ family: string; weight: string; size: number; }' is not assignable to type '((ctx: ScriptableCartesianScaleContext, options: AnyObject) => Partial<FontSpec> | undefined) | _DeepPartialObject<Partial<FontSpec>> | _DeepPartialObject<...> | undefined'.
      Type '{ family: string; weight: string; size: number; }' is not assignable to type '_DeepPartialObject<ScriptableOptions<Partial<FontSpec>, ScriptableCartesianScaleContext>>'.
        Types of property 'weight' are incompatible.
          Type 'string' is not assignable to type 'number | "bold" | "normal" | "bolder" | "lighter" | ((ctx: ScriptableCartesianScaleContext, options: AnyObject) => number | "bold" | ... 4 more ... | undefined) | null | undefined'.
src/components/VramBenchmarkComponent.tsx(2136,13): error TS2322: Type '{ font: { family: string; size: number; weight: string; }; color: string; padding: number; }' is not assignable to type '_DeepPartialObject<TickOptions & { sampleSize: number; align: Align | "inner"; autoSkip: boolean; autoSkipPadding: number; crossAlign: "center" | "near" | "far"; includeBounds: boolean; ... 5 more ...; maxTicksLimit: number; } & TimeScaleTickOptions>'.
  Types of property 'font' are incompatible.
    Type '{ family: string; size: number; weight: string; }' is not assignable to type '_DeepPartialObject<Partial<FontSpec>> | ((ctx: ScriptableScaleContext, options: AnyObject) => Partial<...> | undefined) | _DeepPartialObject<...> | undefined'.
      Type '{ family: string; size: number; weight: string; }' is not assignable to type '_DeepPartialObject<ScriptableOptions<Partial<FontSpec>, ScriptableScaleContext>>'.
        Types of property 'weight' are incompatible.
          Type 'string' is not assignable to type 'number | "bold" | "normal" | "bolder" | "lighter" | ((ctx: ScriptableScaleContext, options: AnyObject) => number | "bold" | "normal" | "bolder" | "lighter" | null | undefined) | null | undefined'.
src/components/VramBenchmarkComponent.tsx(2140,11): error TS2322: Type '{ position: string; labels: { usePointStyle: boolean; pointStyle: string; padding: number; font: { family: string; size: number; weight: string; }; color: string; boxWidth: number; boxHeight: number; }; }' is not assignable to type '_DeepPartialObject<LegendOptions<"bar">>'.
  Types of property 'position' are incompatible.
    Type 'string' is not assignable to type '"right" | "left" | "bottom" | "center" | "top" | "chartArea" | _DeepPartialObject<{ [scaleId: string]: number; }> | undefined'.
src/components/VramBenchmarkComponent.tsx(2141,11): error TS2322: Type '{ callbacks: { title: (items: any) => string; afterTitle: (items: any) => string; label: (item: any) => string[]; afterBody: (items: any) => string[] | ""; }; backgroundColor: string; titleColor: string; ... 8 more ...; boxPadding: number; }' is not assignable to type '_DeepPartialObject<TooltipOptions<"bar">>'.
  Types of property 'titleFont' are incompatible.
    Type '{ family: string; weight: string; size: number; }' is not assignable to type '_DeepPartialObject<Partial<FontSpec>> | ((ctx: ScriptableTooltipContext<"bar">, options: AnyObject) => Partial<...> | undefined) | _DeepPartialObject<...> | undefined'.
      Type '{ family: string; weight: string; size: number; }' is not assignable to type '_DeepPartialObject<ScriptableOptions<Partial<FontSpec>, ScriptableTooltipContext<"bar">>>'.
        Types of property 'weight' are incompatible.
          Type 'string' is not assignable to type 'number | "bold" | "normal" | "bolder" | "lighter" | ((ctx: ScriptableTooltipContext<"bar">, options: AnyObject) => number | "bold" | ... 4 more ... | undefined) | null | undefined'.
src/components/VramBenchmarkComponent.tsx(2250,40): error TS18046: 'm' is of type 'unknown'.
src/components/VramBenchmarkComponent.tsx(2265,40): error TS18046: 'm' is of type 'unknown'.
src/components/VramBenchmarkComponent.tsx(2316,13): error TS2322: Type '{ x: number; y: any; entry: any; }[]' is not assignable to type 'any[][]'.
  Type '{ x: number; y: any; entry: any; }' is missing the following properties from type 'any[]': length, pop, push, concat, and 35 more.
src/components/VramBenchmarkComponent.tsx(2331,13): error TS2322: Type '{ x: any; y: any; entry: any; }[]' is not assignable to type 'any[][]'.
  Type '{ x: any; y: any; entry: any; }' is missing the following properties from type 'any[]': length, pop, push, concat, and 35 more.
src/components/VramBenchmarkComponent.tsx(2386,13): error TS2322: Type '{ text: string; display: boolean; font: { family: string; weight: string; size: number; }; color: string; padding: { top: number; }; }' is not assignable to type '_DeepPartialObject<{ display: boolean; align: Align; text: string | string[]; color: Color; font: ScriptableAndScriptableOptions<Partial<FontSpec>, ScriptableCartesianScaleContext>; padding: number | { ...; }; }>'.
  Types of property 'font' are incompatible.
    Type '{ family: string; weight: string; size: number; }' is not assignable to type '((ctx: ScriptableCartesianScaleContext, options: AnyObject) => Partial<FontSpec> | undefined) | _DeepPartialObject<Partial<FontSpec>> | _DeepPartialObject<...> | undefined'.
      Type '{ family: string; weight: string; size: number; }' is not assignable to type '_DeepPartialObject<ScriptableOptions<Partial<FontSpec>, ScriptableCartesianScaleContext>>'.
        Types of property 'weight' are incompatible.
          Type 'string' is not assignable to type 'number | "bold" | "normal" | "bolder" | "lighter" | ((ctx: ScriptableCartesianScaleContext, options: AnyObject) => number | "bold" | ... 4 more ... | undefined) | null | undefined'.
src/components/VramBenchmarkComponent.tsx(2388,13): error TS2322: Type '{ callback: (v: any) => string; font: { family: string; size: number; weight: string; }; color: string; padding: number; }' is not assignable to type '_DeepPartialObject<TickOptions & { sampleSize: number; align: Align | "inner"; autoSkip: boolean; autoSkipPadding: number; crossAlign: "center" | "near" | "far"; includeBounds: boolean; ... 5 more ...; maxTicksLimit: number; } & TimeScaleTickOptions>'.
  Types of property 'font' are incompatible.
    Type '{ family: string; size: number; weight: string; }' is not assignable to type '_DeepPartialObject<Partial<FontSpec>> | ((ctx: ScriptableScaleContext, options: AnyObject) => Partial<...> | undefined) | _DeepPartialObject<...> | undefined'.
      Type '{ family: string; size: number; weight: string; }' is not assignable to type '_DeepPartialObject<ScriptableOptions<Partial<FontSpec>, ScriptableScaleContext>>'.
        Types of property 'weight' are incompatible.
          Type 'string' is not assignable to type 'number | "bold" | "normal" | "bolder" | "lighter" | ((ctx: ScriptableScaleContext, options: AnyObject) => number | "bold" | "normal" | "bolder" | "lighter" | null | undefined) | null | undefined'.
src/components/VramBenchmarkComponent.tsx(2395,13): error TS2322: Type '{ text: string; display: boolean; font: { family: string; weight: string; size: number; }; color: string; padding: { top: number; }; }' is not assignable to type '_DeepPartialObject<{ display: boolean; align: Align; text: string | string[]; color: Color; font: ScriptableAndScriptableOptions<Partial<FontSpec>, ScriptableCartesianScaleContext>; padding: number | { ...; }; }>'.
  Types of property 'font' are incompatible.
    Type '{ family: string; weight: string; size: number; }' is not assignable to type '((ctx: ScriptableCartesianScaleContext, options: AnyObject) => Partial<FontSpec> | undefined) | _DeepPartialObject<Partial<FontSpec>> | _DeepPartialObject<...> | undefined'.
      Type '{ family: string; weight: string; size: number; }' is not assignable to type '_DeepPartialObject<ScriptableOptions<Partial<FontSpec>, ScriptableCartesianScaleContext>>'.
        Types of property 'weight' are incompatible.
          Type 'string' is not assignable to type 'number | "bold" | "normal" | "bolder" | "lighter" | ((ctx: ScriptableCartesianScaleContext, options: AnyObject) => number | "bold" | ... 4 more ... | undefined) | null | undefined'.
src/components/VramBenchmarkComponent.tsx(2397,13): error TS2322: Type '{ font: { family: string; size: number; weight: string; }; color: string; padding: number; }' is not assignable to type '_DeepPartialObject<TickOptions & { sampleSize: number; align: Align | "inner"; autoSkip: boolean; autoSkipPadding: number; crossAlign: "center" | "near" | "far"; includeBounds: boolean; ... 5 more ...; maxTicksLimit: number; } & TimeScaleTickOptions>'.
  Types of property 'font' are incompatible.
    Type '{ family: string; size: number; weight: string; }' is not assignable to type '_DeepPartialObject<Partial<FontSpec>> | ((ctx: ScriptableScaleContext, options: AnyObject) => Partial<...> | undefined) | _DeepPartialObject<...> | undefined'.
      Type '{ family: string; size: number; weight: string; }' is not assignable to type '_DeepPartialObject<ScriptableOptions<Partial<FontSpec>, ScriptableScaleContext>>'.
        Types of property 'weight' are incompatible.
          Type 'string' is not assignable to type 'number | "bold" | "normal" | "bolder" | "lighter" | ((ctx: ScriptableScaleContext, options: AnyObject) => number | "bold" | "normal" | "bolder" | "lighter" | null | undefined) | null | undefined'.
src/components/VramBenchmarkComponent.tsx(2400,54): error TS2353: Object literal may only specify known properties, and 'drawBorder' does not exist in type '_DeepPartialObject<Partial<GridLineOptions>>'.
src/components/VramBenchmarkComponent.tsx(2401,13): error TS2322: Type '{ padding: number; font: { family: string; size: number; weight: string; }; color: string; }' is not assignable to type '_DeepPartialObject<TickOptions & { sampleSize: number; align: Align | "inner"; autoSkip: boolean; autoSkipPadding: number; crossAlign: "center" | "near" | "far"; includeBounds: boolean; ... 5 more ...; maxTicksLimit: number; } & TimeScaleTickOptions>'.
  Types of property 'font' are incompatible.
    Type '{ family: string; size: number; weight: string; }' is not assignable to type '_DeepPartialObject<Partial<FontSpec>> | ((ctx: ScriptableScaleContext, options: AnyObject) => Partial<...> | undefined) | _DeepPartialObject<...> | undefined'.
      Type '{ family: string; size: number; weight: string; }' is not assignable to type '_DeepPartialObject<ScriptableOptions<Partial<FontSpec>, ScriptableScaleContext>>'.
        Types of property 'weight' are incompatible.
          Type 'string' is not assignable to type 'number | "bold" | "normal" | "bolder" | "lighter" | ((ctx: ScriptableScaleContext, options: AnyObject) => number | "bold" | "normal" | "bolder" | "lighter" | null | undefined) | null | undefined'.
src/components/VramBenchmarkComponent.tsx(2405,11): error TS2322: Type '{ position: string; labels: { usePointStyle: boolean; pointStyle: string; padding: number; font: { family: string; size: number; weight: string; }; color: string; boxWidth: number; boxHeight: number; }; }' is not assignable to type '_DeepPartialObject<LegendOptions<"bar" | "scatter">>'.
  Types of property 'position' are incompatible.
    Type 'string' is not assignable to type '"right" | "left" | "bottom" | "center" | "top" | "chartArea" | _DeepPartialObject<{ [scaleId: string]: number; }> | undefined'.
src/components/VramBenchmarkComponent.tsx(2406,11): error TS2322: Type '{ callbacks: { title: (items: any) => any; afterTitle: (items: any) => string; label: (item: any) => string; afterBody: (items: any) => string[] | ""; }; backgroundColor: string; titleColor: string; ... 8 more ...; boxPadding: number; }' is not assignable to type '_DeepPartialObject<TooltipOptions<"bar" | "scatter">>'.
  Types of property 'titleFont' are incompatible.
    Type '{ family: string; weight: string; size: number; }' is not assignable to type '_DeepPartialObject<Partial<FontSpec>> | ((ctx: ScriptableTooltipContext<"bar" | "scatter">, options: AnyObject) => Partial<...> | undefined) | _DeepPartialObject<...> | undefined'.
      Type '{ family: string; weight: string; size: number; }' is not assignable to type '_DeepPartialObject<ScriptableOptions<Partial<FontSpec>, ScriptableTooltipContext<"bar" | "scatter">>>'.
        Types of property 'weight' are incompatible.
          Type 'string' is not assignable to type 'number | "bold" | "normal" | "bolder" | "lighter" | ((ctx: ScriptableTooltipContext<"bar" | "scatter">, options: AnyObject) => number | ... 5 more ... | undefined) | null | undefined'.
src/components/VramBenchmarkComponent.tsx(2592,13): error TS2322: Type '{ text: string; display: boolean; font: { family: string; weight: string; size: number; }; color: string; padding: { top: number; }; }' is not assignable to type '_DeepPartialObject<{ display: boolean; align: Align; text: string | string[]; color: Color; font: ScriptableAndScriptableOptions<Partial<FontSpec>, ScriptableCartesianScaleContext>; padding: number | { ...; }; }>'.
  Types of property 'font' are incompatible.
    Type '{ family: string; weight: string; size: number; }' is not assignable to type '((ctx: ScriptableCartesianScaleContext, options: AnyObject) => Partial<FontSpec> | undefined) | _DeepPartialObject<Partial<FontSpec>> | _DeepPartialObject<...> | undefined'.
      Type '{ family: string; weight: string; size: number; }' is not assignable to type '_DeepPartialObject<ScriptableOptions<Partial<FontSpec>, ScriptableCartesianScaleContext>>'.
        Types of property 'weight' are incompatible.
          Type 'string' is not assignable to type 'number | "bold" | "normal" | "bolder" | "lighter" | ((ctx: ScriptableCartesianScaleContext, options: AnyObject) => number | "bold" | ... 4 more ... | undefined) | null | undefined'.
src/components/VramBenchmarkComponent.tsx(2601,13): error TS2322: Type '{ callback: (v: any) => string; font: { family: string; size: number; weight: string; }; color: string; padding: number; }' is not assignable to type '_DeepPartialObject<TickOptions & { sampleSize: number; align: Align | "inner"; autoSkip: boolean; autoSkipPadding: number; crossAlign: "center" | "near" | "far"; includeBounds: boolean; ... 5 more ...; maxTicksLimit: number; } & { ...; }>'.
  Types of property 'font' are incompatible.
    Type '{ family: string; size: number; weight: string; }' is not assignable to type '_DeepPartialObject<Partial<FontSpec>> | ((ctx: ScriptableScaleContext, options: AnyObject) => Partial<...> | undefined) | _DeepPartialObject<...> | undefined'.
      Type '{ family: string; size: number; weight: string; }' is not assignable to type '_DeepPartialObject<ScriptableOptions<Partial<FontSpec>, ScriptableScaleContext>>'.
        Types of property 'weight' are incompatible.
          Type 'string' is not assignable to type 'number | "bold" | "normal" | "bolder" | "lighter" | ((ctx: ScriptableScaleContext, options: AnyObject) => number | "bold" | "normal" | "bolder" | "lighter" | null | undefined) | null | undefined'.
src/components/VramBenchmarkComponent.tsx(2607,13): error TS2322: Type '{ text: string; display: boolean; font: { family: string; weight: string; size: number; }; color: string; padding: { top: number; }; }' is not assignable to type '_DeepPartialObject<{ display: boolean; align: Align; text: string | string[]; color: Color; font: ScriptableAndScriptableOptions<Partial<FontSpec>, ScriptableCartesianScaleContext>; padding: number | { ...; }; }>'.
  Types of property 'font' are incompatible.
    Type '{ family: string; weight: string; size: number; }' is not assignable to type '((ctx: ScriptableCartesianScaleContext, options: AnyObject) => Partial<FontSpec> | undefined) | _DeepPartialObject<Partial<FontSpec>> | _DeepPartialObject<...> | undefined'.
      Type '{ family: string; weight: string; size: number; }' is not assignable to type '_DeepPartialObject<ScriptableOptions<Partial<FontSpec>, ScriptableCartesianScaleContext>>'.
        Types of property 'weight' are incompatible.
          Type 'string' is not assignable to type 'number | "bold" | "normal" | "bolder" | "lighter" | ((ctx: ScriptableCartesianScaleContext, options: AnyObject) => number | "bold" | ... 4 more ... | undefined) | null | undefined'.
src/components/VramBenchmarkComponent.tsx(2609,13): error TS2322: Type '{ font: { family: string; size: number; weight: string; }; color: string; padding: number; }' is not assignable to type '_DeepPartialObject<TickOptions & { sampleSize: number; align: Align | "inner"; autoSkip: boolean; autoSkipPadding: number; crossAlign: "center" | "near" | "far"; includeBounds: boolean; ... 5 more ...; maxTicksLimit: number; } & TimeScaleTickOptions>'.
  Types of property 'font' are incompatible.
    Type '{ family: string; size: number; weight: string; }' is not assignable to type '_DeepPartialObject<Partial<FontSpec>> | ((ctx: ScriptableScaleContext, options: AnyObject) => Partial<...> | undefined) | _DeepPartialObject<...> | undefined'.
      Type '{ family: string; size: number; weight: string; }' is not assignable to type '_DeepPartialObject<ScriptableOptions<Partial<FontSpec>, ScriptableScaleContext>>'.
        Types of property 'weight' are incompatible.
          Type 'string' is not assignable to type 'number | "bold" | "normal" | "bolder" | "lighter" | ((ctx: ScriptableScaleContext, options: AnyObject) => number | "bold" | "normal" | "bolder" | "lighter" | null | undefined) | null | undefined'.
src/components/VramBenchmarkComponent.tsx(2613,11): error TS2322: Type '{ position: string; labels: { usePointStyle: boolean; pointStyle: string; padding: number; font: { family: string; size: number; weight: string; }; color: string; boxWidth: number; boxHeight: number; }; }' is not assignable to type '_DeepPartialObject<LegendOptions<"scatter">>'.
  Types of property 'position' are incompatible.
    Type 'string' is not assignable to type '"right" | "left" | "bottom" | "center" | "top" | "chartArea" | _DeepPartialObject<{ [scaleId: string]: number; }> | undefined'.
src/components/VramBenchmarkComponent.tsx(2614,11): error TS2322: Type '{ callbacks: { title: (items: any) => any; label: (item: any) => string[]; }; backgroundColor: string; titleColor: string; bodyColor: string; borderColor: string; borderWidth: number; padding: number; ... 4 more ...; boxPadding: number; }' is not assignable to type '_DeepPartialObject<TooltipOptions<"scatter">>'.
  Types of property 'titleFont' are incompatible.
    Type '{ family: string; weight: string; size: number; }' is not assignable to type '_DeepPartialObject<Partial<FontSpec>> | ((ctx: ScriptableTooltipContext<"scatter">, options: AnyObject) => Partial<...> | undefined) | _DeepPartialObject<...> | undefined'.
      Type '{ family: string; weight: string; size: number; }' is not assignable to type '_DeepPartialObject<ScriptableOptions<Partial<FontSpec>, ScriptableTooltipContext<"scatter">>>'.
        Types of property 'weight' are incompatible.
          Type 'string' is not assignable to type 'number | "bold" | "normal" | "bolder" | "lighter" | ((ctx: ScriptableTooltipContext<"scatter">, options: AnyObject) => number | "bold" | ... 4 more ... | undefined) | null | undefined'.
src/components/WorkersPanelComponent.tsx(79,48): error TS2304: Cannot find name 'err'.
src/components/WorkflowCanvasComponent.tsx(132,9): error TS2353: Object literal may only specify known properties, and 'nodeId' does not exist in type '(prevState: null) => null'.
src/components/WorkflowCanvasComponent.tsx(167,9): error TS2353: Object literal may only specify known properties, and 'nodeId' does not exist in type '(prevState: null) => null'.
src/components/WorkflowCanvasComponent.tsx(215,28): error TS2345: Argument of type '{ x: any; y: any; }' is not assignable to parameter of type 'SetStateAction<null>'.
  Type '{ x: any; y: any; }' provides no match for the signature '(prevState: null): null'.
src/components/WorkflowCanvasComponent.tsx(584,9): error TS2353: Object literal may only specify known properties, and 'sourceNodeId' does not exist in type '(prevState: null) => null'.
src/components/WorkflowCanvasComponent.tsx(589,26): error TS2345: Argument of type '{ x: any; y: any; }' is not assignable to parameter of type 'SetStateAction<null>'.
  Type '{ x: any; y: any; }' provides no match for the signature '(prevState: null): null'.
src/components/WorkspaceContextComponent.tsx(74,83): error TS2322: Type '(workspace: any) => void' is not assignable to type '() => void'.
  Target signature provides too few arguments. Expected 1 or more, but got 0.
src/components/WorkspaceContextComponent.tsx(81,41): error TS2322: Type 'any[]' is not assignable to type 'never[]'.
  Type 'any' is not assignable to type 'never'.
src/components/WorkspaceContextComponent.tsx(81,71): error TS2322: Type '(workspace: any) => void' is not assignable to type '() => void'.
  Target signature provides too few arguments. Expected 1 or more, but got 0.
src/components/WorkspaceSelectorComponent.tsx(83,52): error TS2554: Expected 0 arguments, but got 1.
src/components/WorkspaceTreePanelComponent.tsx(243,54): error TS18047: 'currentWorkspace' is possibly 'null'.
src/components/WorkspaceTreePanelComponent.tsx(243,80): error TS18047: 'currentWorkspace' is possibly 'null'.
src/components/WorkspaceTreePanelComponent.tsx(246,49): error TS18047: 'currentWorkspace' is possibly 'null'.
src/components/WorkspaceTreePanelComponent.tsx(255,16): error TS18047: 'treeData' is possibly 'null'.
src/components/WorkspaceTreePanelComponent.tsx(255,39): error TS18047: 'treeData' is possibly 'null'.
src/components/WorkspaceTreePanelComponent.tsx(271,41): error TS2554: Expected 0 arguments, but got 1.
src/hooks/useTokenRate.ts(65,9): error TS18046: 'wp' is of type 'unknown'.
src/hooks/useTokenRate.ts(65,33): error TS18046: 'wp' is of type 'unknown'.
src/hooks/useTokenRate.ts(66,14): error TS18046: 'wp' is of type 'unknown'.
src/services/AudioPlayerService.ts(20,10): error TS2339: Property 'pcmChunks' does not exist on type 'AudioPlayerService'.
src/services/AudioPlayerService.ts(30,39): error TS2551: Property 'webkitAudioContext' does not exist on type 'Window & typeof globalThis'. Did you mean 'AudioContext'?
src/services/IrisService.ts(27,21): error TS2552: Cannot find name 'error'. Did you mean 'err'?
src/services/IrisService.ts(71,39): error TS2345: Argument of type '{ hours: number; }' is not assignable to parameter of type 'string | string[][] | Record<string, string> | URLSearchParams | undefined'.
  Type '{ hours: number; }' is not assignable to type 'Record<string, string>'.
    Property 'hours' is incompatible with index signature.
      Type 'number' is not assignable to type 'string'.
src/services/LiveSessionService.ts(33,10): error TS2551: Property 'connected' does not exist on type 'LiveSessionService'. Did you mean 'connect'?
src/services/LiveSessionService.ts(78,12): error TS2551: Property 'connected' does not exist on type 'LiveSessionService'. Did you mean 'connect'?
src/services/LiveSessionService.ts(88,14): error TS2551: Property 'connected' does not exist on type 'LiveSessionService'. Did you mean 'connect'?
src/services/LiveSessionService.ts(161,14): error TS2551: Property 'connected' does not exist on type 'LiveSessionService'. Did you mean 'connect'?
src/services/LiveSessionService.ts(191,10): error TS2551: Property 'connected' does not exist on type 'LiveSessionService'. Did you mean 'connect'?
src/services/LiveSessionService.ts(221,41): error TS2551: Property 'webkitAudioContext' does not exist on type 'Window & typeof globalThis'. Did you mean 'AudioContext'?
src/services/LiveSessionService.ts(274,56): error TS2304: Cannot find name 'err'.
src/services/LiveSessionService.ts(308,41): error TS2551: Property 'webkitAudioContext' does not exist on type 'Window & typeof globalThis'. Did you mean 'AudioContext'?
src/services/LiveSessionService.ts(349,60): error TS2304: Cannot find name 'err'.
src/services/PrismService.tsx(45,23): error TS2552: Cannot find name 'error'. Did you mean 'err'?
src/services/PrismService.tsx(103,23): error TS18046: 'providerModels' is of type 'unknown'.
src/services/PrismService.tsx(738,13): error TS2339: Property 'onError' does not exist on type '{}'.
src/services/PrismService.tsx(752,42): error TS2552: Cannot find name 'error'. Did you mean 'err'?
src/services/PrismService.tsx(756,24): error TS18047: 'res.body' is possibly 'null'.
src/services/PrismService.tsx(768,11): error TS2322: Type 'string | undefined' is not assignable to type 'string'.
  Type 'undefined' is not assignable to type 'string'.
src/services/PrismService.tsx(791,30): error TS2304: Cannot find name 'err'.
src/services/PrismService.tsx(1012,19): error TS2552: Cannot find name 'error'. Did you mean 'err'?
src/services/PrismService.tsx(1187,13): error TS2339: Property 'onProgress' does not exist on type '{}'.
src/services/PrismService.tsx(1187,25): error TS2339: Property 'onComplete' does not exist on type '{}'.
src/services/PrismService.tsx(1187,37): error TS2339: Property 'onError' does not exist on type '{}'.
src/services/PrismService.tsx(1221,42): error TS2552: Cannot find name 'error'. Did you mean 'err'?
src/services/PrismService.tsx(1230,30): error TS2304: Cannot find name 'err'.
src/services/SoundService.tsx(14,5): error TS7034: Variable 'ctx' implicitly has type 'any' in some locations where its type cannot be determined.
src/services/SoundService.tsx(17,5): error TS7034: Variable 'hoverBuffer' implicitly has type 'any' in some locations where its type cannot be determined.
src/services/SoundService.tsx(20,5): error TS7034: Variable 'clickBuffer' implicitly has type 'any' in some locations where its type cannot be determined.
src/services/SoundService.tsx(23,5): error TS7034: Variable 'buttonHoverBuffer' implicitly has type 'any' in some locations where its type cannot be determined.
src/services/SoundService.tsx(26,5): error TS7034: Variable 'buttonClickBuffer' implicitly has type 'any' in some locations where its type cannot be determined.
src/services/SoundService.tsx(33,8): error TS7005: Variable 'ctx' implicitly has an 'any' type.
src/services/SoundService.tsx(34,46): error TS2551: Property 'webkitAudioContext' does not exist on type 'Window & typeof globalThis'. Did you mean 'AudioContext'?
src/services/SoundService.tsx(53,7): error TS7005: Variable 'hoverBuffer' implicitly has an 'any' type.
src/services/SoundService.tsx(83,7): error TS7005: Variable 'clickBuffer' implicitly has an 'any' type.
src/services/SoundService.tsx(130,7): error TS7005: Variable 'buttonHoverBuffer' implicitly has an 'any' type.
src/services/SoundService.tsx(160,7): error TS7005: Variable 'buttonClickBuffer' implicitly has an 'any' type.
src/services/SoundService.tsx(395,9): error TS7005: Variable 'ctx' implicitly has an 'any' type.
src/services/ThreeService.ts(21,24): error TS7016: Could not find a declaration file for module 'three'. '/home/rodrigo/development/prism-client/node_modules/three/build/three.module.js' implicitly has an 'any' type.
  Try `npm i --save-dev @types/three` if it exists or add a new declaration (.d.ts) file containing `declare module 'three';`
src/services/ThreeService.ts(29,5): error TS7034: Variable 'rafId' implicitly has type 'any' in some locations where its type cannot be determined.
src/services/ThreeService.ts(73,7): error TS7005: Variable 'rafId' implicitly has an 'any' type.
src/services/ThreeService.ts(79,31): error TS7005: Variable 'rafId' implicitly has an 'any' type.
src/services/ThreeService.ts(80,26): error TS7005: Variable 'rafId' implicitly has an 'any' type.
src/services/ThreeService.ts(177,7): error TS2339: Property 'cameraFov' does not exist on type '{}'.
src/services/ThreeService.ts(178,7): error TS2339: Property 'cameraNear' does not exist on type '{}'.
src/services/ThreeService.ts(179,7): error TS2339: Property 'cameraFar' does not exist on type '{}'.
src/services/ThreeService.ts(180,7): error TS2339: Property 'cameraPosition' does not exist on type '{}'.
src/services/ThreeService.ts(181,7): error TS2339: Property 'antialias' does not exist on type '{}'.
src/services/ThreeService.ts(182,7): error TS2339: Property 'alpha' does not exist on type '{}'.
src/services/ThreeService.ts(183,7): error TS2339: Property 'toneMapping' does not exist on type '{}'.
src/services/ThreeService.ts(184,7): error TS2339: Property 'toneMappingExposure' does not exist on type '{}'.
src/services/ThreeService.ts(185,7): error TS2339: Property 'shadowMap' does not exist on type '{}'.
src/services/ThreeService.ts(256,7): error TS2322: Type 'ResizeObserver' is not assignable to type 'null'.
src/services/ThreeService.ts(257,7): error TS18047: 'inst.resizeObserver' is possibly 'null'.
src/services/ThreeService.ts(332,7): error TS2339: Property 'ambientIntensity' does not exist on type '{}'.
src/services/ThreeService.ts(333,7): error TS2339: Property 'keyIntensity' does not exist on type '{}'.
src/services/ThreeService.ts(334,7): error TS2339: Property 'fillIntensity' does not exist on type '{}'.
src/services/ThreeService.ts(335,7): error TS2339: Property 'rimIntensity' does not exist on type '{}'.
src/services/ThreeService.ts(336,7): error TS2339: Property 'ambientColor' does not exist on type '{}'.
src/services/ThreeService.ts(337,7): error TS2339: Property 'keyColor' does not exist on type '{}'.
src/services/ThreeService.ts(338,7): error TS2339: Property 'fillColor' does not exist on type '{}'.
src/services/ThreeService.ts(339,7): error TS2339: Property 'rimColor' does not exist on type '{}'.
src/services/WorkflowExecutor.tsx(274,11): error TS7034: Variable 'messageImages' implicitly has type 'any[]' in some locations where its type cannot be determined.
src/services/WorkflowExecutor.tsx(322,44): error TS7005: Variable 'messageImages' implicitly has an 'any[]' type.
src/services/WorkflowExecutor.tsx(693,35): error TS2345: Argument of type '{ type: string; data: {}; }' is not assignable to parameter of type '{ type: any; data: any; sourceNodeId: any; }'.
  Property 'sourceNodeId' is missing in type '{ type: string; data: {}; }' but required in type '{ type: any; data: any; sourceNodeId: any; }'.
src/utils/mentionUtils.ts(57,17): error TS7023: 'flattenTree' implicitly has return type 'any' because it does not have a return type annotation and is referenced directly or indirectly in one of its return expressions.
src/utils/mentionUtils.ts(217,3): error TS18047: 'sel' is possibly 'null'.
src/utils/mentionUtils.ts(218,3): error TS18047: 'sel' is possibly 'null'.
src/utils/requestDetailHelpers.tsx(36,9): error TS7034: Variable 'assets' implicitly has type 'any[]' in some locations where its type cannot be determined.
src/utils/requestDetailHelpers.tsx(53,115): error TS2345: Argument of type 'string | undefined' is not assignable to parameter of type 'string'.
  Type 'undefined' is not assignable to type 'string'.
src/utils/requestDetailHelpers.tsx(67,10): error TS7005: Variable 'assets' implicitly has an 'any[]' type.
src/utils/tableColumns.tsx(80,22): error TS2362: The left-hand side of an arithmetic operation must be of type 'any', 'number', 'bigint' or an enum type.
src/utils/tableColumns.tsx(80,38): error TS2363: The right-hand side of an arithmetic operation must be of type 'any', 'number', 'bigint' or an enum type.
src/utils/tableColumns.tsx(415,14): error TS2362: The left-hand side of an arithmetic operation must be of type 'any', 'number', 'bigint' or an enum type.
src/utils/tableColumns.tsx(415,41): error TS2363: The right-hand side of an arithmetic operation must be of type 'any', 'number', 'bigint' or an enum type.
src/utils/utilities.ts(246,23): error TS18046: 'wp' is of type 'unknown'.
src/utils/utilities.ts(246,47): error TS18046: 'wp' is of type 'unknown'.
src/utils/utilities.ts(369,12): error TS18046: 'w' is of type 'unknown'.
src/utils/utilities.ts(370,50): error TS18046: 'w' is of type 'unknown'.
src/utils/utilities.ts(372,58): error TS2345: Argument of type 'unknown' is not assignable to parameter of type 'number'.
